Archive member included to satisfy reference by file (symbol)

/home/haris/Ac6/SystemWorkbench/plugins/fr.ac6.mcu.externaltools.arm-none.linux64_1.15.0.201708311556/tools/compiler/bin/../lib/gcc/arm-none-eabi/6.3.1/../../../../arm-none-eabi/lib/thumb/v7e-m/fpv4-sp/hard/libc.a(lib_a-errno.o)
                              src/syscalls.o (__errno)
/home/haris/Ac6/SystemWorkbench/plugins/fr.ac6.mcu.externaltools.arm-none.linux64_1.15.0.201708311556/tools/compiler/bin/../lib/gcc/arm-none-eabi/6.3.1/../../../../arm-none-eabi/lib/thumb/v7e-m/fpv4-sp/hard/libc.a(lib_a-exit.o)
                              /home/haris/Ac6/SystemWorkbench/plugins/fr.ac6.mcu.externaltools.arm-none.linux64_1.15.0.201708311556/tools/compiler/bin/../lib/gcc/arm-none-eabi/6.3.1/../../../../arm-none-eabi/lib/thumb/v7e-m/fpv4-sp/hard/crt0.o (exit)
/home/haris/Ac6/SystemWorkbench/plugins/fr.ac6.mcu.externaltools.arm-none.linux64_1.15.0.201708311556/tools/compiler/bin/../lib/gcc/arm-none-eabi/6.3.1/../../../../arm-none-eabi/lib/thumb/v7e-m/fpv4-sp/hard/libc.a(lib_a-impure.o)
                              /home/haris/Ac6/SystemWorkbench/plugins/fr.ac6.mcu.externaltools.arm-none.linux64_1.15.0.201708311556/tools/compiler/bin/../lib/gcc/arm-none-eabi/6.3.1/../../../../arm-none-eabi/lib/thumb/v7e-m/fpv4-sp/hard/libc.a(lib_a-exit.o) (_global_impure_ptr)
/home/haris/Ac6/SystemWorkbench/plugins/fr.ac6.mcu.externaltools.arm-none.linux64_1.15.0.201708311556/tools/compiler/bin/../lib/gcc/arm-none-eabi/6.3.1/../../../../arm-none-eabi/lib/thumb/v7e-m/fpv4-sp/hard/libc.a(lib_a-init.o)
                              /home/haris/Ac6/SystemWorkbench/plugins/fr.ac6.mcu.externaltools.arm-none.linux64_1.15.0.201708311556/tools/compiler/bin/../lib/gcc/arm-none-eabi/6.3.1/../../../../arm-none-eabi/lib/thumb/v7e-m/fpv4-sp/hard/crt0.o (__libc_init_array)
/home/haris/Ac6/SystemWorkbench/plugins/fr.ac6.mcu.externaltools.arm-none.linux64_1.15.0.201708311556/tools/compiler/bin/../lib/gcc/arm-none-eabi/6.3.1/../../../../arm-none-eabi/lib/thumb/v7e-m/fpv4-sp/hard/libc.a(lib_a-memset.o)
                              /home/haris/Ac6/SystemWorkbench/plugins/fr.ac6.mcu.externaltools.arm-none.linux64_1.15.0.201708311556/tools/compiler/bin/../lib/gcc/arm-none-eabi/6.3.1/../../../../arm-none-eabi/lib/thumb/v7e-m/fpv4-sp/hard/crt0.o (memset)
/home/haris/Ac6/SystemWorkbench/plugins/fr.ac6.mcu.externaltools.arm-none.linux64_1.15.0.201708311556/tools/compiler/bin/../lib/gcc/arm-none-eabi/6.3.1/../../../../arm-none-eabi/lib/thumb/v7e-m/fpv4-sp/hard/libc.a(lib_a-vsnprintf.o)
                              src/SRG_USART.o (vsnprintf)
/home/haris/Ac6/SystemWorkbench/plugins/fr.ac6.mcu.externaltools.arm-none.linux64_1.15.0.201708311556/tools/compiler/bin/../lib/gcc/arm-none-eabi/6.3.1/../../../../arm-none-eabi/lib/thumb/v7e-m/fpv4-sp/hard/libc.a(lib_a-__call_atexit.o)
                              /home/haris/Ac6/SystemWorkbench/plugins/fr.ac6.mcu.externaltools.arm-none.linux64_1.15.0.201708311556/tools/compiler/bin/../lib/gcc/arm-none-eabi/6.3.1/../../../../arm-none-eabi/lib/thumb/v7e-m/fpv4-sp/hard/libc.a(lib_a-exit.o) (__call_exitprocs)
/home/haris/Ac6/SystemWorkbench/plugins/fr.ac6.mcu.externaltools.arm-none.linux64_1.15.0.201708311556/tools/compiler/bin/../lib/gcc/arm-none-eabi/6.3.1/../../../../arm-none-eabi/lib/thumb/v7e-m/fpv4-sp/hard/libc.a(lib_a-atexit.o)
                              /home/haris/Ac6/SystemWorkbench/plugins/fr.ac6.mcu.externaltools.arm-none.linux64_1.15.0.201708311556/tools/compiler/bin/../lib/gcc/arm-none-eabi/6.3.1/../../../../arm-none-eabi/lib/thumb/v7e-m/fpv4-sp/hard/libc.a(lib_a-__call_atexit.o) (atexit)
/home/haris/Ac6/SystemWorkbench/plugins/fr.ac6.mcu.externaltools.arm-none.linux64_1.15.0.201708311556/tools/compiler/bin/../lib/gcc/arm-none-eabi/6.3.1/../../../../arm-none-eabi/lib/thumb/v7e-m/fpv4-sp/hard/libc.a(lib_a-fini.o)
                              /home/haris/Ac6/SystemWorkbench/plugins/fr.ac6.mcu.externaltools.arm-none.linux64_1.15.0.201708311556/tools/compiler/bin/../lib/gcc/arm-none-eabi/6.3.1/../../../../arm-none-eabi/lib/thumb/v7e-m/fpv4-sp/hard/libc.a(lib_a-__call_atexit.o) (__libc_fini_array)
/home/haris/Ac6/SystemWorkbench/plugins/fr.ac6.mcu.externaltools.arm-none.linux64_1.15.0.201708311556/tools/compiler/bin/../lib/gcc/arm-none-eabi/6.3.1/../../../../arm-none-eabi/lib/thumb/v7e-m/fpv4-sp/hard/libc.a(lib_a-lock.o)
                              /home/haris/Ac6/SystemWorkbench/plugins/fr.ac6.mcu.externaltools.arm-none.linux64_1.15.0.201708311556/tools/compiler/bin/../lib/gcc/arm-none-eabi/6.3.1/../../../../arm-none-eabi/lib/thumb/v7e-m/fpv4-sp/hard/libc.a(lib_a-__call_atexit.o) (__retarget_lock_acquire_recursive)
/home/haris/Ac6/SystemWorkbench/plugins/fr.ac6.mcu.externaltools.arm-none.linux64_1.15.0.201708311556/tools/compiler/bin/../lib/gcc/arm-none-eabi/6.3.1/../../../../arm-none-eabi/lib/thumb/v7e-m/fpv4-sp/hard/libc.a(lib_a-svfprintf.o)
[...]
Memory Configuration

Name             Origin             Length             Attributes
RAM              0x0000000020000000 0x0000000000020000 xrw
ROM              0x0000000008000000 0x0000000000100000 xr
*default*        0x0000000000000000 0xffffffffffffffff

Linker script and memory map

LOAD /home/haris/Ac6/SystemWorkbench/plugins/fr.ac6.mcu.externaltools.arm-none.linux64_1.15.0.201708311556/tools/compiler/bin/../lib/gcc/arm-none-eabi/6.3.1/thumb/v7e-m/fpv4-sp/hard/crti.o
LOAD /home/haris/Ac6/SystemWorkbench/plugins/fr.ac6.mcu.externaltools.arm-none.linux64_1.15.0.201708311556/tools/compiler/bin/../lib/gcc/arm-none-eabi/6.3.1/thumb/v7e-m/fpv4-sp/hard/crtbegin.o
LOAD /home/haris/Ac6/SystemWorkbench/plugins/fr.ac6.mcu.externaltools.arm-none.linux64_1.15.0.201708311556/tools/compiler/bin/../lib/gcc/arm-none-eabi/6.3.1/../../../../arm-none-eabi/lib/thumb/v7e-m/fpv4-sp/hard/crt0.o
LOAD StdPeriph_Driver/src/misc.o
LOAD StdPeriph_Driver/src/stm32f4xx_adc.o
LOAD StdPeriph_Driver/src/stm32f4xx_can.o
LOAD StdPeriph_Driver/src/stm32f4xx_cec.o
LOAD StdPeriph_Driver/src/stm32f4xx_crc.o
LOAD StdPeriph_Driver/src/stm32f4xx_cryp.o
LOAD StdPeriph_Driver/src/stm32f4xx_cryp_aes.o
LOAD StdPeriph_Driver/src/stm32f4xx_cryp_des.o
LOAD StdPeriph_Driver/src/stm32f4xx_cryp_tdes.o
LOAD StdPeriph_Driver/src/stm32f4xx_dac.o
LOAD StdPeriph_Driver/src/stm32f4xx_dbgmcu.o
LOAD StdPeriph_Driver/src/stm32f4xx_dcmi.o
LOAD StdPeriph_Driver/src/stm32f4xx_dfsdm.o
LOAD StdPeriph_Driver/src/stm32f4xx_dma.o
LOAD StdPeriph_Driver/src/stm32f4xx_dma2d.o
LOAD StdPeriph_Driver/src/stm32f4xx_dsi.o
LOAD StdPeriph_Driver/src/stm32f4xx_exti.o
LOAD StdPeriph_Driver/src/stm32f4xx_flash.o
LOAD StdPeriph_Driver/src/stm32f4xx_flash_ramfunc.o
LOAD StdPeriph_Driver/src/stm32f4xx_fmc.o
LOAD StdPeriph_Driver/src/stm32f4xx_fmip2c.o
LOAD StdPeriph_Driver/src/stm32f4xx_fsmc.o
LOAD StdPeriph_Driver/src/stm32f4xx_gpio.o
LOAD StdPeriph_Driver/src/stm32f4xx_hash.o
LOAD StdPeriph_Driver/src/stm32f4xx_hash_md5.o
LOAD StdPeriph_Driver/src/stm32f4xx_hash_sha1.o
LOAD StdPeriph_Driver/src/stm32f4xx_i2c.o
LOAD StdPeriph_Driver/src/stm32f4xx_iwdg.o
LOAD StdPeriph_Driver/src/stm32f4xx_lptim.o
LOAD StdPeriph_Driver/src/stm32f4xx_ltdc.o
LOAD StdPeriph_Driver/src/stm32f4xx_pwr.o
LOAD StdPeriph_Driver/src/stm32f4xx_qspi.o
LOAD StdPeriph_Driver/src/stm32f4xx_rcc.o
LOAD StdPeriph_Driver/src/stm32f4xx_rng.o
LOAD StdPeriph_Driver/src/stm32f4xx_rtc.o
LOAD StdPeriph_Driver/src/stm32f4xx_sai.o
LOAD StdPeriph_Driver/src/stm32f4xx_sdio.o
LOAD StdPeriph_Driver/src/stm32f4xx_spdifrx.o
LOAD StdPeriph_Driver/src/stm32f4xx_spi.o
LOAD StdPeriph_Driver/src/stm32f4xx_syscfg.o
LOAD StdPeriph_Driver/src/stm32f4xx_tim.o
LOAD StdPeriph_Driver/src/stm32f4xx_usart.o
LOAD StdPeriph_Driver/src/stm32f4xx_wwdg.o
LOAD src/LED.o
LOAD src/SRG_Input.o
LOAD src/SRG_Timers.o
LOAD src/SRG_USART.o
LOAD src/delay.o
LOAD src/main.o
LOAD src/syscalls.o
LOAD src/system_stm32f4xx.o
LOAD startup/startup_stm32.o
LOAD /home/haris/Ac6/SystemWorkbench/plugins/fr.ac6.mcu.externaltools.arm-none.linux64_1.15.0.201708311556/tools/compiler/bin/../lib/gcc/arm-none-eabi/6.3.1/../../../../arm-none-eabi/lib/thumb/v7e-m/fpv4-sp/hard/libm.a
START GROUP
LOAD /home/haris/Ac6/SystemWorkbench/plugins/fr.ac6.mcu.externaltools.arm-none.linux64_1.15.0.201708311556/tools/compiler/bin/../lib/gcc/arm-none-eabi/6.3.1/thumb/v7e-m/fpv4-sp/hard/libgcc.a
LOAD /home/haris/Ac6/SystemWorkbench/plugins/fr.ac6.mcu.externaltools.arm-none.linux64_1.15.0.201708311556/tools/compiler/bin/../lib/gcc/arm-none-eabi/6.3.1/../../../../arm-none-eabi/lib/thumb/v7e-m/fpv4-sp/hard/libc.a
END GROUP
LOAD /home/haris/Ac6/SystemWorkbench/plugins/fr.ac6.mcu.externaltools.arm-none.linux64_1.15.0.201708311556/tools/compiler/bin/../lib/gcc/arm-none-eabi/6.3.1/thumb/v7e-m/fpv4-sp/hard/crtend.o
LOAD /home/haris/Ac6/SystemWorkbench/plugins/fr.ac6.mcu.externaltools.arm-none.linux64_1.15.0.201708311556/tools/compiler/bin/../lib/gcc/arm-none-eabi/6.3.1/thumb/v7e-m/fpv4-sp/hard/crtn.o
                0x0000000020020000                _estack = 0x20020000
                0x0000000000000000                _Min_Heap_Size = 0x0
                0x0000000000000400                _Min_Stack_Size = 0x400

.isr_vector     0x0000000008000000      0x1a8
                0x0000000008000000                . = ALIGN (0x4)
 *(.isr_vector)
 .isr_vector    0x0000000008000000      0x1a8 startup/startup_stm32.o
                0x0000000008000000                g_pfnVectors
                0x00000000080001a8                . = ALIGN (0x4)

.text           0x00000000080001c0     0x6c60
                0x00000000080001c0                . = ALIGN (0x4)
 *(.text)
 .text          0x00000000080001c0       0x6c /home/haris/Ac6/SystemWorkbench/plugins/fr.ac6.mcu.externaltools.arm-none.linux64_1.15.0.201708311556/tools/compiler/bin/../lib/gcc/arm-none-eabi/6.3.1/thumb/v7e-m/fpv4-sp/hard/crtbegin.o
 *fill*         0x000000000800022c        0x4 
 .text          0x0000000008000230       0xa0 /home/haris/Ac6/SystemWorkbench/plugins/fr.ac6.mcu.externaltools.arm-none.linux64_1.15.0.201708311556/tools/compiler/bin/../lib/gcc/arm-none-eabi/6.3.1/../../../../arm-none-eabi/lib/thumb/v7e-m/fpv4-sp/hard/libc.a(lib_a-memchr.o)
                0x0000000008000230                memchr
 .text          0x00000000080002d0      0x134 /home/haris/Ac6/SystemWorkbench/plugins/fr.ac6.mcu.externaltools.arm-none.linux64_1.15.0.201708311556/tools/compiler/bin/../lib/gcc/arm-none-eabi/6.3.1/../../../../arm-none-eabi/lib/thumb/v7e-m/fpv4-sp/hard/libc.a(lib_a-memcpy.o)
                0x00000000080002d0                memcpy
 *fill*         0x0000000008000404       0x3c 
 .text          0x0000000008000440       0xdc /home/haris/Ac6/SystemWorkbench/plugins/fr.ac6.mcu.externaltools.arm-none.linux64_1.15.0.201708311556/tools/compiler/bin/../lib/gcc/arm-none-eabi/6.3.1/../../../../arm-none-eabi/lib/thumb/v7e-m/fpv4-sp/hard/libc.a(lib_a-strlen.o)
                0x0000000008000440                strlen
 .text          0x000000000800051c      0x370 /home/haris/Ac6/SystemWorkbench/plugins/fr.ac6.mcu.externaltools.arm-none.linux64_1.15.0.201708311556/tools/compiler/bin/../lib/gcc/arm-none-eabi/6.3.1/thumb/v7e-m/fpv4-sp/hard/libgcc.a(_arm_addsubdf3.o)
                0x000000000800051c                __aeabi_drsub
                0x0000000008000524                __aeabi_dsub
                0x0000000008000524                __subdf3
                0x0000000008000528                __adddf3
                0x0000000008000528                __aeabi_dadd
                0x00000000080007a0                __aeabi_ui2d
                0x00000000080007a0                __floatunsidf
                0x00000000080007c0                __floatsidf
                0x00000000080007c0                __aeabi_i2d
                0x00000000080007e4                __extendsfdf2
                0x00000000080007e4                __aeabi_f2d
                0x0000000008000820                __aeabi_ul2d
                0x0000000008000820                __floatundidf
                0x0000000008000830                __floatdidf
                0x0000000008000830                __aeabi_l2d
 .text          0x000000000800088c      0x424 /home/haris/Ac6/SystemWorkbench/plugins/fr.ac6.mcu.externaltools.arm-none.linux64_1.15.0.201708311556/tools/compiler/bin/../lib/gcc/arm-none-eabi/6.3.1/thumb/v7e-m/fpv4-sp/hard/libgcc.a(_arm_muldivdf3.o)
                0x000000000800088c                __aeabi_dmul
                0x000000000800088c                __muldf3
                0x0000000008000ae0                __aeabi_ddiv
                0x0000000008000ae0                __divdf3
 .text          0x0000000008000cb0      0x110 /home/haris/Ac6/SystemWorkbench/plugins/fr.ac6.mcu.externaltools.arm-none.linux64_1.15.0.201708311556/tools/compiler/bin/../lib/gcc/arm-none-eabi/6.3.1/thumb/v7e-m/fpv4-sp/hard/libgcc.a(_arm_cmpdf2.o)
                0x0000000008000cb0                __gtdf2
                0x0000000008000cb0                __gedf2
                0x0000000008000cb8                __ltdf2
                0x0000000008000cb8                __ledf2
                0x0000000008000cc0                __cmpdf2
                0x0000000008000cc0                __eqdf2
                0x0000000008000cc0                __nedf2
                0x0000000008000d3c                __aeabi_cdrcmple
                0x0000000008000d4c                __aeabi_cdcmple
                0x0000000008000d4c                __aeabi_cdcmpeq
                0x0000000008000d5c                __aeabi_dcmpeq
                0x0000000008000d70                __aeabi_dcmplt
                0x0000000008000d84                __aeabi_dcmple
                0x0000000008000d98                __aeabi_dcmpge
                0x0000000008000dac                __aeabi_dcmpgt
 .text          0x0000000008000dc0       0x2c /home/haris/Ac6/SystemWorkbench/plugins/fr.ac6.mcu.externaltools.arm-none.linux64_1.15.0.201708311556/tools/compiler/bin/../lib/gcc/arm-none-eabi/6.3.1/thumb/v7e-m/fpv4-sp/hard/libgcc.a(_arm_unorddf2.o)
                0x0000000008000dc0                __aeabi_dcmpun
                0x0000000008000dc0                __unorddf2
 .text          0x0000000008000dec       0x50 /home/haris/Ac6/SystemWorkbench/plugins/fr.ac6.mcu.externaltools.arm-none.linux64_1.15.0.201708311556/tools/compiler/bin/../lib/gcc/arm-none-eabi/6.3.1/thumb/v7e-m/fpv4-sp/hard/libgcc.a(_arm_fixdfsi.o)
                0x0000000008000dec                __fixdfsi
                0x0000000008000dec                __aeabi_d2iz
 .text          0x0000000008000e3c       0x30 /home/haris/Ac6/SystemWorkbench/plugins/fr.ac6.mcu.externaltools.arm-none.linux64_1.15.0.201708311556/tools/compiler/bin/../lib/gcc/arm-none-eabi/6.3.1/thumb/v7e-m/fpv4-sp/hard/libgcc.a(_aeabi_uldivmod.o)
                0x0000000008000e3c                __aeabi_uldivmod
 .text          0x0000000008000e6c      0x2dc /home/haris/Ac6/SystemWorkbench/plugins/fr.ac6.mcu.externaltools.arm-none.linux64_1.15.0.201708311556/tools/compiler/bin/../lib/gcc/arm-none-eabi/6.3.1/thumb/v7e-m/fpv4-sp/hard/libgcc.a(_udivmoddi4.o)
                0x0000000008000e6c                __udivmoddi4
 .text          0x0000000008001148        0x4 /home/haris/Ac6/SystemWorkbench/plugins/fr.ac6.mcu.externaltools.arm-none.linux64_1.15.0.201708311556/tools/compiler/bin/../lib/gcc/arm-none-eabi/6.3.1/thumb/v7e-m/fpv4-sp/hard/libgcc.a(_dvmd_tls.o)
                0x0000000008001148                __aeabi_ldiv0
                0x0000000008001148                __aeabi_idiv0
 *(.text*)
 .text.NVIC_PriorityGroupConfig
                0x000000000800114c       0x28 StdPeriph_Driver/src/misc.o
                0x000000000800114c                NVIC_PriorityGroupConfig
 .text.NVIC_Init
                0x0000000008001174       0xc4 StdPeriph_Driver/src/misc.o
                0x0000000008001174                NVIC_Init
 .text.DMA_Init
                0x0000000008001238       0xb0 StdPeriph_Driver/src/stm32f4xx_dma.o
                0x0000000008001238                DMA_Init
 .text.DMA_Cmd  0x00000000080012e8       0x38 StdPeriph_Driver/src/stm32f4xx_dma.o
                0x00000000080012e8                DMA_Cmd
 .text.DMA_GetFlagStatus
                0x0000000008001320       0x78 StdPeriph_Driver/src/stm32f4xx_dma.o
                0x0000000008001320                DMA_GetFlagStatus
 .text.DMA_ClearFlag
                0x0000000008001398       0x5c StdPeriph_Driver/src/stm32f4xx_dma.o
                0x0000000008001398                DMA_ClearFlag
 .text.EXTI_Init
                0x00000000080013f4       0xe4 StdPeriph_Driver/src/stm32f4xx_exti.o
                0x00000000080013f4                EXTI_Init
 .text.EXTI_GetITStatus
                0x00000000080014d8       0x34 StdPeriph_Driver/src/stm32f4xx_exti.o
                0x00000000080014d8                EXTI_GetITStatus
 .text.EXTI_ClearITPendingBit
                0x000000000800150c       0x20 StdPeriph_Driver/src/stm32f4xx_exti.o
                0x000000000800150c                EXTI_ClearITPendingBit
 .text.GPIO_Init
                0x000000000800152c      0x11c StdPeriph_Driver/src/stm32f4xx_gpio.o
                0x000000000800152c                GPIO_Init
 .text.GPIO_ResetBits
                0x0000000008001648       0x1e StdPeriph_Driver/src/stm32f4xx_gpio.o
                0x0000000008001648                GPIO_ResetBits
 .text.GPIO_ToggleBits
                0x0000000008001666       0x24 StdPeriph_Driver/src/stm32f4xx_gpio.o
                0x0000000008001666                GPIO_ToggleBits
 .text.GPIO_PinAFConfig
                0x000000000800168a       0x92 StdPeriph_Driver/src/stm32f4xx_gpio.o
                0x000000000800168a                GPIO_PinAFConfig
 .text.RCC_DeInit
                0x000000000800171c       0x70 StdPeriph_Driver/src/stm32f4xx_rcc.o
                0x000000000800171c                RCC_DeInit
 .text.RCC_HSEConfig
                0x000000000800178c       0x28 StdPeriph_Driver/src/stm32f4xx_rcc.o
                0x000000000800178c                RCC_HSEConfig
 .text.RCC_WaitForHSEStartUp
                0x00000000080017b4       0x50 StdPeriph_Driver/src/stm32f4xx_rcc.o
                0x00000000080017b4                RCC_WaitForHSEStartUp
 .text.RCC_PLLConfig
                0x0000000008001804       0x40 StdPeriph_Driver/src/stm32f4xx_rcc.o
                0x0000000008001804                RCC_PLLConfig
 .text.RCC_PLLCmd
                0x0000000008001844       0x20 StdPeriph_Driver/src/stm32f4xx_rcc.o
                0x0000000008001844                RCC_PLLCmd
 .text.RCC_SYSCLKConfig
                0x0000000008001864       0x38 StdPeriph_Driver/src/stm32f4xx_rcc.o
                0x0000000008001864                RCC_SYSCLKConfig
 .text.RCC_HCLKConfig
                0x000000000800189c       0x38 StdPeriph_Driver/src/stm32f4xx_rcc.o
                0x000000000800189c                RCC_HCLKConfig
 .text.RCC_PCLK1Config
                0x00000000080018d4       0x38 StdPeriph_Driver/src/stm32f4xx_rcc.o
                0x00000000080018d4                RCC_PCLK1Config
 .text.RCC_PCLK2Config
                0x000000000800190c       0x3c StdPeriph_Driver/src/stm32f4xx_rcc.o
                0x000000000800190c                RCC_PCLK2Config
 .text.RCC_GetClocksFreq
                0x0000000008001948      0x150 StdPeriph_Driver/src/stm32f4xx_rcc.o
                0x0000000008001948                RCC_GetClocksFreq
 .text.RCC_AHB1PeriphClockCmd
                0x0000000008001a98       0x40 StdPeriph_Driver/src/stm32f4xx_rcc.o
                0x0000000008001a98                RCC_AHB1PeriphClockCmd
 .text.RCC_APB1PeriphClockCmd
                0x0000000008001ad8       0x40 StdPeriph_Driver/src/stm32f4xx_rcc.o
                0x0000000008001ad8                RCC_APB1PeriphClockCmd
 .text.RCC_APB1PeriphResetCmd
                0x0000000008001b18       0x40 StdPeriph_Driver/src/stm32f4xx_rcc.o
                0x0000000008001b18                RCC_APB1PeriphResetCmd
 .text.RCC_APB2PeriphResetCmd
                0x0000000008001b58       0x40 StdPeriph_Driver/src/stm32f4xx_rcc.o
                0x0000000008001b58                RCC_APB2PeriphResetCmd
 .text.RCC_GetFlagStatus
                0x0000000008001b98       0x74 StdPeriph_Driver/src/stm32f4xx_rcc.o
                0x0000000008001b98                RCC_GetFlagStatus
 .text.SYSCFG_EXTILineConfig
                0x0000000008001c0c       0x84 StdPeriph_Driver/src/stm32f4xx_syscfg.o
                0x0000000008001c0c                SYSCFG_EXTILineConfig
 .text.TIM_DeInit
                0x0000000008001c90      0x1c0 StdPeriph_Driver/src/stm32f4xx_tim.o
                0x0000000008001c90                TIM_DeInit
 .text.TIM_TimeBaseInit
                0x0000000008001e50       0xd8 StdPeriph_Driver/src/stm32f4xx_tim.o
                0x0000000008001e50                TIM_TimeBaseInit
 .text.TIM_SetCounter
                0x0000000008001f28       0x1c StdPeriph_Driver/src/stm32f4xx_tim.o
                0x0000000008001f28                TIM_SetCounter
 .text.TIM_GetCounter
                0x0000000008001f44       0x18 StdPeriph_Driver/src/stm32f4xx_tim.o
                0x0000000008001f44                TIM_GetCounter
 .text.TIM_SelectOnePulseMode
                0x0000000008001f5c       0x38 StdPeriph_Driver/src/stm32f4xx_tim.o
                0x0000000008001f5c                TIM_SelectOnePulseMode
 .text.TIM_Cmd  0x0000000008001f94       0x40 StdPeriph_Driver/src/stm32f4xx_tim.o
                0x0000000008001f94                TIM_Cmd
 .text.TIM_OC1Init
                0x0000000008001fd4       0xf4 StdPeriph_Driver/src/stm32f4xx_tim.o
                0x0000000008001fd4                TIM_OC1Init
 .text.TIM_ICInit
                0x00000000080020c8       0xa8 StdPeriph_Driver/src/stm32f4xx_tim.o
                0x00000000080020c8                TIM_ICInit
 .text.TIM_ICStructInit
                0x0000000008002170       0x32 StdPeriph_Driver/src/stm32f4xx_tim.o
                0x0000000008002170                TIM_ICStructInit
 .text.TIM_SetIC1Prescaler
                0x00000000080021a2       0x38 StdPeriph_Driver/src/stm32f4xx_tim.o
                0x00000000080021a2                TIM_SetIC1Prescaler
 .text.TIM_SetIC2Prescaler
                0x00000000080021da       0x3c StdPeriph_Driver/src/stm32f4xx_tim.o
                0x00000000080021da                TIM_SetIC2Prescaler
 .text.TIM_SetIC3Prescaler
                0x0000000008002216       0x38 StdPeriph_Driver/src/stm32f4xx_tim.o
                0x0000000008002216                TIM_SetIC3Prescaler
 .text.TIM_SetIC4Prescaler
                0x000000000800224e       0x3c StdPeriph_Driver/src/stm32f4xx_tim.o
                0x000000000800224e                TIM_SetIC4Prescaler
 .text.TIM_GetITStatus
                0x000000000800228a       0x54 StdPeriph_Driver/src/stm32f4xx_tim.o
                0x000000000800228a                TIM_GetITStatus
 .text.TIM_ClearITPendingBit
                0x00000000080022de       0x22 StdPeriph_Driver/src/stm32f4xx_tim.o
                0x00000000080022de                TIM_ClearITPendingBit
 .text.TIM_SelectInputTrigger
                0x0000000008002300       0x38 StdPeriph_Driver/src/stm32f4xx_tim.o
                0x0000000008002300                TIM_SelectInputTrigger
 .text.TIM_SelectSlaveMode
                0x0000000008002338       0x38 StdPeriph_Driver/src/stm32f4xx_tim.o
                0x0000000008002338                TIM_SelectSlaveMode
 .text.TI1_Config
                0x0000000008002370       0x86 StdPeriph_Driver/src/stm32f4xx_tim.o
 .text.TI2_Config
                0x00000000080023f6       0x9a StdPeriph_Driver/src/stm32f4xx_tim.o
 .text.TI3_Config
                0x0000000008002490       0x90 StdPeriph_Driver/src/stm32f4xx_tim.o
 .text.TI4_Config
                0x0000000008002520       0x9e StdPeriph_Driver/src/stm32f4xx_tim.o
 *fill*         0x00000000080025be        0x2 
 .text.USART_Init
                0x00000000080025c0      0x174 StdPeriph_Driver/src/stm32f4xx_usart.o
                0x00000000080025c0                USART_Init
 .text.USART_Cmd
                0x0000000008002734       0x40 StdPeriph_Driver/src/stm32f4xx_usart.o
                0x0000000008002734                USART_Cmd
 .text.USART_ReceiveData
                0x0000000008002774       0x20 StdPeriph_Driver/src/stm32f4xx_usart.o
                0x0000000008002774                USART_ReceiveData
 .text.USART_DMACmd
                0x0000000008002794       0x48 StdPeriph_Driver/src/stm32f4xx_usart.o
                0x0000000008002794                USART_DMACmd
 .text.USART_ITConfig
                0x00000000080027dc       0x90 StdPeriph_Driver/src/stm32f4xx_usart.o
                0x00000000080027dc                USART_ITConfig
 .text.USART_GetITStatus
                0x000000000800286c       0xb6 StdPeriph_Driver/src/stm32f4xx_usart.o
                0x000000000800286c                USART_GetITStatus
 .text.USART_ClearITPendingBit
                0x0000000008002922       0x3a StdPeriph_Driver/src/stm32f4xx_usart.o
                0x0000000008002922                USART_ClearITPendingBit
 .text.LED_Init
                0x000000000800295c       0x44 src/LED.o
                0x000000000800295c                LED_Init
 .text.ToggleOrange
                0x00000000080029a0       0x18 src/LED.o
                0x00000000080029a0                ToggleOrange
 .text.Input_EXTI_Init
                0x00000000080029b8       0x6c src/SRG_Input.o
                0x00000000080029b8                Input_EXTI_Init
 .text.SpeedCounter_Init
                0x0000000008002a24       0x4c src/SRG_Input.o
                0x0000000008002a24                SpeedCounter_Init
 .text.EXTI4_IRQHandler
                0x0000000008002a70       0x54 src/SRG_Input.o
                0x0000000008002a70                EXTI4_IRQHandler
 .text.Timer2_Init
                0x0000000008002ac4       0x6c src/SRG_Timers.o
                0x0000000008002ac4                Timer2_Init
 .text.Timer3_Init
                0x0000000008002b30       0x5c src/SRG_Timers.o
                0x0000000008002b30                Timer3_Init
 .text.Timer4_Init
                0x0000000008002b8c       0x68 src/SRG_Timers.o
                0x0000000008002b8c                Timer4_Init
 .text.updateTimer
                0x0000000008002bf4       0x9c src/SRG_Timers.o
 .text.USART3_Init
                0x0000000008002c90      0x148 src/SRG_USART.o
                0x0000000008002c90                USART3_Init
 .text.ParseMessage
                0x0000000008002dd8        0xe src/SRG_USART.o
 *fill*         0x0000000008002de6        0x2 
 .text.USART3_IRQHandler
                0x0000000008002de8       0x7c src/SRG_USART.o
                0x0000000008002de8                USART3_IRQHandler
 .text.print    0x0000000008002e64       0x30 src/SRG_USART.o
                0x0000000008002e64                print
 .text.USART3_SendString
                0x0000000008002e94       0x6c src/SRG_USART.o
 .text.TIM12_Start
                0x0000000008002f00        0xc src/delay.o
                0x0000000008002f00                TIM12_Start
 .text.TIM12_InterruptEnable
                0x0000000008002f0c       0x3c src/delay.o
 .text.TIM8_BRK_TIM12_IRQHandler
                0x0000000008002f48       0x2c src/delay.o
                0x0000000008002f48                TIM8_BRK_TIM12_IRQHandler
 .text.setFastClockMode
                0x0000000008002f74       0x70 src/main.o
                0x0000000008002f74                setFastClockMode
 .text.main     0x0000000008002fe4       0x90 src/main.o
                0x0000000008002fe4                main
 .text._sbrk    0x0000000008003074       0x58 src/syscalls.o
                0x0000000008003074                _sbrk
 .text.SystemInit
                0x00000000080030cc       0x6c src/system_stm32f4xx.o
                0x00000000080030cc                SystemInit
 .text.SystemCoreClockUpdate
                0x0000000008003138       0xf8 src/system_stm32f4xx.o
                0x0000000008003138                SystemCoreClockUpdate
 .text.SetSysClock
                0x0000000008003230       0xf8 src/system_stm32f4xx.o
 .text.Reset_Handler
                0x0000000008003328       0x50 startup/startup_stm32.o
                0x0000000008003328                Reset_Handler
 .text.Default_Handler
                0x0000000008003378        0x2 startup/startup_stm32.o
                0x0000000008003378                RTC_Alarm_IRQHandler
                0x0000000008003378                HASH_RNG_IRQHandler
                0x0000000008003378                EXTI2_IRQHandler
                0x0000000008003378                TIM8_CC_IRQHandler
                0x0000000008003378                DebugMon_Handler
                0x0000000008003378                TIM1_CC_IRQHandler
                0x0000000008003378                DMA2_Stream5_IRQHandler
                0x0000000008003378                HardFault_Handler
                0x0000000008003378                DMA1_Stream5_IRQHandler
                0x0000000008003378                SysTick_Handler
                0x0000000008003378                PVD_IRQHandler
                0x0000000008003378                SDIO_IRQHandler
                0x0000000008003378                TAMP_STAMP_IRQHandler
                0x0000000008003378                PendSV_Handler
                0x0000000008003378                NMI_Handler
                0x0000000008003378                CAN2_RX1_IRQHandler
                0x0000000008003378                EXTI3_IRQHandler
                0x0000000008003378                TIM8_TRG_COM_TIM14_IRQHandler
                0x0000000008003378                TIM1_UP_TIM10_IRQHandler
                0x0000000008003378                TIM8_UP_TIM13_IRQHandler
                0x0000000008003378                I2C3_ER_IRQHandler
                0x0000000008003378                LCD_TFT_IRQHandler
                0x0000000008003378                EXTI0_IRQHandler
                0x0000000008003378                I2C2_EV_IRQHandler
                0x0000000008003378                DMA1_Stream2_IRQHandler
                0x0000000008003378                CAN1_RX0_IRQHandler
                0x0000000008003378                FPU_IRQHandler
                0x0000000008003378                OTG_HS_WKUP_IRQHandler
                0x0000000008003378                UsageFault_Handler
                0x0000000008003378                CAN2_SCE_IRQHandler
                0x0000000008003378                DMA2_Stream2_IRQHandler
                0x0000000008003378                SPI1_IRQHandler
                0x0000000008003378                TIM6_DAC_IRQHandler
                0x0000000008003378                TIM1_BRK_TIM9_IRQHandler
                0x0000000008003378                DCMI_IRQHandler
                0x0000000008003378                CAN2_RX0_IRQHandler
                0x0000000008003378                DMA2_Stream3_IRQHandler
                0x0000000008003378                USART6_IRQHandler
                0x0000000008003378                CRYP_IRQHandler
                0x0000000008003378                CAN1_RX1_IRQHandler
                0x0000000008003378                UART5_IRQHandler
                0x0000000008003378                DMA2_Stream0_IRQHandler
                0x0000000008003378                TIM4_IRQHandler
                0x0000000008003378                I2C1_EV_IRQHandler
                0x0000000008003378                DMA1_Stream6_IRQHandler
                0x0000000008003378                DMA1_Stream1_IRQHandler
                0x0000000008003378                UART4_IRQHandler
                0x0000000008003378                LCD_TFT_1_IRQHandler
                0x0000000008003378                TIM3_IRQHandler
                0x0000000008003378                RCC_IRQHandler
                0x0000000008003378                Default_Handler
                0x0000000008003378                EXTI15_10_IRQHandler
                0x0000000008003378                ADC_IRQHandler
                0x0000000008003378                DMA1_Stream7_IRQHandler
                0x0000000008003378                TIM7_IRQHandler
                0x0000000008003378                CAN2_TX_IRQHandler
                0x0000000008003378                TIM5_IRQHandler
                0x0000000008003378                DMA2_Stream7_IRQHandler
                0x0000000008003378                I2C3_EV_IRQHandler
                0x0000000008003378                EXTI9_5_IRQHandler
                0x0000000008003378                RTC_WKUP_IRQHandler
                0x0000000008003378                ETH_WKUP_IRQHandler
                0x0000000008003378                SPI2_IRQHandler
                0x0000000008003378                OTG_HS_EP1_IN_IRQHandler
                0x0000000008003378                MemManage_Handler
                0x0000000008003378                DMA1_Stream0_IRQHandler
                0x0000000008003378                CAN1_TX_IRQHandler
                0x0000000008003378                SVC_Handler
                0x0000000008003378                FSMC_IRQHandler
                0x0000000008003378                ETH_IRQHandler
                0x0000000008003378                OTG_HS_EP1_OUT_IRQHandler
                0x0000000008003378                WWDG_IRQHandler
                0x0000000008003378                TIM2_IRQHandler
                0x0000000008003378                OTG_FS_WKUP_IRQHandler
                0x0000000008003378                TIM1_TRG_COM_TIM11_IRQHandler
                0x0000000008003378                OTG_HS_IRQHandler
                0x0000000008003378                EXTI1_IRQHandler
                0x0000000008003378                USART2_IRQHandler
                0x0000000008003378                I2C2_ER_IRQHandler
                0x0000000008003378                DMA2_Stream1_IRQHandler
                0x0000000008003378                CAN1_SCE_IRQHandler
                0x0000000008003378                DMA2_Stream4_IRQHandler
                0x0000000008003378                BusFault_Handler
                0x0000000008003378                USART1_IRQHandler
                0x0000000008003378                OTG_FS_IRQHandler
                0x0000000008003378                SPI3_IRQHandler
                0x0000000008003378                DMA1_Stream4_IRQHandler
                0x0000000008003378                I2C1_ER_IRQHandler
                0x0000000008003378                DMA2_Stream6_IRQHandler
                0x0000000008003378                DMA1_Stream3_IRQHandler
 *fill*         0x000000000800337a        0x2 
 .text.__errno  0x000000000800337c        0xc /home/haris/Ac6/SystemWorkbench/plugins/fr.ac6.mcu.externaltools.arm-none.linux64_1.15.0.201708311556/tools/compiler/bin/../lib/gcc/arm-none-eabi/6.3.1/../../../../arm-none-eabi/lib/thumb/v7e-m/fpv4-sp/hard/libc.a(lib_a-errno.o)
                0x000000000800337c                __errno
 .text.__libc_init_array
                0x0000000008003388       0x50 /home/haris/Ac6/SystemWorkbench/plugins/fr.ac6.mcu.externaltools.arm-none.linux64_1.15.0.201708311556/tools/compiler/bin/../lib/gcc/arm-none-eabi/6.3.1/../../../../arm-none-eabi/lib/thumb/v7e-m/fpv4-sp/hard/libc.a(lib_a-init.o)
                0x0000000008003388                __libc_init_array
 .text.memset   0x00000000080033d8       0x9c /home/haris/Ac6/SystemWorkbench/plugins/fr.ac6.mcu.externaltools.arm-none.linux64_1.15.0.201708311556/tools/compiler/bin/../lib/gcc/arm-none-eabi/6.3.1/../../../../arm-none-eabi/lib/thumb/v7e-m/fpv4-sp/hard/libc.a(lib_a-memset.o)
                0x00000000080033d8                memset
 .text._vsnprintf_r
                0x0000000008003474       0x74 /home/haris/Ac6/SystemWorkbench/plugins/fr.ac6.mcu.externaltools.arm-none.linux64_1.15.0.201708311556/tools/compiler/bin/../lib/gcc/arm-none-eabi/6.3.1/../../../../arm-none-eabi/lib/thumb/v7e-m/fpv4-sp/hard/libc.a(lib_a-vsnprintf.o)
                0x0000000008003474                _vsnprintf_r
 .text.vsnprintf
                0x00000000080034e8       0x20 /home/haris/Ac6/SystemWorkbench/plugins/fr.ac6.mcu.externaltools.arm-none.linux64_1.15.0.201708311556/tools/compiler/bin/../lib/gcc/arm-none-eabi/6.3.1/../../../../arm-none-eabi/lib/thumb/v7e-m/fpv4-sp/hard/libc.a(lib_a-vsnprintf.o)
                0x00000000080034e8                vsnprintf
 .text.startup.register_fini
                0x0000000008003508       0x14 /home/haris/Ac6/SystemWorkbench/plugins/fr.ac6.mcu.externaltools.arm-none.linux64_1.15.0.201708311556/tools/compiler/bin/../lib/gcc/arm-none-eabi/6.3.1/../../../../arm-none-eabi/lib/thumb/v7e-m/fpv4-sp/hard/libc.a(lib_a-__call_atexit.o)
 .text.atexit   0x000000000800351c        0xc /home/haris/Ac6/SystemWorkbench/plugins/fr.ac6.mcu.externaltools.arm-none.linux64_1.15.0.201708311556/tools/compiler/bin/../lib/gcc/arm-none-eabi/6.3.1/../../../../arm-none-eabi/lib/thumb/v7e-m/fpv4-sp/hard/libc.a(lib_a-atexit.o)
                0x000000000800351c                atexit
 .text.__libc_fini_array
                0x0000000008003528       0x34 /home/haris/Ac6/SystemWorkbench/plugins/fr.ac6.mcu.externaltools.arm-none.linux64_1.15.0.201708311556/tools/compiler/bin/../lib/gcc/arm-none-eabi/6.3.1/../../../../arm-none-eabi/lib/thumb/v7e-m/fpv4-sp/hard/libc.a(lib_a-fini.o)
                0x0000000008003528                __libc_fini_array
 .text.__retarget_lock_acquire_recursive
                0x000000000800355c        0x4 /home/haris/Ac6/SystemWorkbench/plugins/fr.ac6.mcu.externaltools.arm-none.linux64_1.15.0.201708311556/tools/compiler/bin/../lib/gcc/arm-none-eabi/6.3.1/../../../../arm-none-eabi/lib/thumb/v7e-m/fpv4-sp/hard/libc.a(lib_a-lock.o)
                0x000000000800355c                __retarget_lock_acquire_recursive
 .text.__retarget_lock_release_recursive
                0x0000000008003560        0x4 /home/haris/Ac6/SystemWorkbench/plugins/fr.ac6.mcu.externaltools.arm-none.linux64_1.15.0.201708311556/tools/compiler/bin/../lib/gcc/arm-none-eabi/6.3.1/../../../../arm-none-eabi/lib/thumb/v7e-m/fpv4-sp/hard/libc.a(lib_a-lock.o)
                0x0000000008003560                __retarget_lock_release_recursive
 *fill*         0x0000000008003564        0x4 
 .text._svfprintf_r
                0x0000000008003568     0x1494 /home/haris/Ac6/SystemWorkbench/plugins/fr.ac6.mcu.externaltools.arm-none.linux64_1.15.0.201708311556/tools/compiler/bin/../lib/gcc/arm-none-eabi/6.3.1/../../../../arm-none-eabi/lib/thumb/v7e-m/fpv4-sp/hard/libc.a(lib_a-svfprintf.o)
                0x0000000008003568                _svfprintf_r
 .text.__register_exitproc
                0x00000000080049fc       0xc4 /home/haris/Ac6/SystemWorkbench/plugins/fr.ac6.mcu.externaltools.arm-none.linux64_1.15.0.201708311556/tools/compiler/bin/../lib/gcc/arm-none-eabi/6.3.1/../../../../arm-none-eabi/lib/thumb/v7e-m/fpv4-sp/hard/libc.a(lib_a-__atexit.o)
                0x00000000080049fc                __register_exitproc
 .text.quorem   0x0000000008004ac0      0x128 /home/haris/Ac6/SystemWorkbench/plugins/fr.ac6.mcu.externaltools.arm-none.linux64_1.15.0.201708311556/tools/compiler/bin/../lib/gcc/arm-none-eabi/6.3.1/../../../../arm-none-eabi/lib/thumb/v7e-m/fpv4-sp/hard/libc.a(lib_a-dtoa.o)
 .text._dtoa_r  0x0000000008004be8      0xe4c /home/haris/Ac6/SystemWorkbench/plugins/fr.ac6.mcu.externaltools.arm-none.linux64_1.15.0.201708311556/tools/compiler/bin/../lib/gcc/arm-none-eabi/6.3.1/../../../../arm-none-eabi/lib/thumb/v7e-m/fpv4-sp/hard/libc.a(lib_a-dtoa.o)
                0x0000000008004be8                _dtoa_r
 .text._localeconv_r
                0x0000000008005a34       0x1c /home/haris/Ac6/SystemWorkbench/plugins/fr.ac6.mcu.externaltools.arm-none.linux64_1.15.0.201708311556/tools/compiler/bin/../lib/gcc/arm-none-eabi/6.3.1/../../../../arm-none-eabi/lib/thumb/v7e-m/fpv4-sp/hard/libc.a(lib_a-localeconv.o)
                0x0000000008005a34                _localeconv_r
 .text._malloc_r
                0x0000000008005a50      0x560 /home/haris/Ac6/SystemWorkbench/plugins/fr.ac6.mcu.externaltools.arm-none.linux64_1.15.0.201708311556/tools/compiler/bin/../lib/gcc/arm-none-eabi/6.3.1/../../../../arm-none-eabi/lib/thumb/v7e-m/fpv4-sp/hard/libc.a(lib_a-mallocr.o)
                0x0000000008005a50                _malloc_r
 .text.__malloc_lock
                0x0000000008005fb0        0xc /home/haris/Ac6/SystemWorkbench/plugins/fr.ac6.mcu.externaltools.arm-none.linux64_1.15.0.201708311556/tools/compiler/bin/../lib/gcc/arm-none-eabi/6.3.1/../../../../arm-none-eabi/lib/thumb/v7e-m/fpv4-sp/hard/libc.a(lib_a-mlock.o)
                0x0000000008005fb0                __malloc_lock
 .text.__malloc_unlock
                0x0000000008005fbc        0xc /home/haris/Ac6/SystemWorkbench/plugins/fr.ac6.mcu.externaltools.arm-none.linux64_1.15.0.201708311556/tools/compiler/bin/../lib/gcc/arm-none-eabi/6.3.1/../../../../arm-none-eabi/lib/thumb/v7e-m/fpv4-sp/hard/libc.a(lib_a-mlock.o)
                0x0000000008005fbc                __malloc_unlock
 .text._Balloc  0x0000000008005fc8       0x4c /home/haris/Ac6/SystemWorkbench/plugins/fr.ac6.mcu.externaltools.arm-none.linux64_1.15.0.201708311556/tools/compiler/bin/../lib/gcc/arm-none-eabi/6.3.1/../../../../arm-none-eabi/lib/thumb/v7e-m/fpv4-sp/hard/libc.a(lib_a-mprec.o)
                0x0000000008005fc8                _Balloc
 .text._Bfree   0x0000000008006014       0x14 /home/haris/Ac6/SystemWorkbench/plugins/fr.ac6.mcu.externaltools.arm-none.linux64_1.15.0.201708311556/tools/compiler/bin/../lib/gcc/arm-none-eabi/6.3.1/../../../../arm-none-eabi/lib/thumb/v7e-m/fpv4-sp/hard/libc.a(lib_a-mprec.o)
                0x0000000008006014                _Bfree
 .text.__multadd
                0x0000000008006028       0x80 /home/haris/Ac6/SystemWorkbench/plugins/fr.ac6.mcu.externaltools.arm-none.linux64_1.15.0.201708311556/tools/compiler/bin/../lib/gcc/arm-none-eabi/6.3.1/../../../../arm-none-eabi/lib/thumb/v7e-m/fpv4-sp/hard/libc.a(lib_a-mprec.o)
                0x0000000008006028                __multadd
 .text.__hi0bits
                0x00000000080060a8       0x40 /home/haris/Ac6/SystemWorkbench/plugins/fr.ac6.mcu.externaltools.arm-none.linux64_1.15.0.201708311556/tools/compiler/bin/../lib/gcc/arm-none-eabi/6.3.1/../../../../arm-none-eabi/lib/thumb/v7e-m/fpv4-sp/hard/libc.a(lib_a-mprec.o)
                0x00000000080060a8                __hi0bits
 .text.__lo0bits
                0x00000000080060e8       0x60 /home/haris/Ac6/SystemWorkbench/plugins/fr.ac6.mcu.externaltools.arm-none.linux64_1.15.0.201708311556/tools/compiler/bin/../lib/gcc/arm-none-eabi/6.3.1/../../../../arm-none-eabi/lib/thumb/v7e-m/fpv4-sp/hard/libc.a(lib_a-mprec.o)
                0x00000000080060e8                __lo0bits
 .text.__i2b    0x0000000008006148       0x14 /home/haris/Ac6/SystemWorkbench/plugins/fr.ac6.mcu.externaltools.arm-none.linux64_1.15.0.201708311556/tools/compiler/bin/../lib/gcc/arm-none-eabi/6.3.1/../../../../arm-none-eabi/lib/thumb/v7e-m/fpv4-sp/hard/libc.a(lib_a-mprec.o)
                0x0000000008006148                __i2b
 .text.__multiply
                0x000000000800615c      0x124 /home/haris/Ac6/SystemWorkbench/plugins/fr.ac6.mcu.externaltools.arm-none.linux64_1.15.0.201708311556/tools/compiler/bin/../lib/gcc/arm-none-eabi/6.3.1/../../../../arm-none-eabi/lib/thumb/v7e-m/fpv4-sp/hard/libc.a(lib_a-mprec.o)
                0x000000000800615c                __multiply
 .text.__pow5mult
                0x0000000008006280       0xa0 /home/haris/Ac6/SystemWorkbench/plugins/fr.ac6.mcu.externaltools.arm-none.linux64_1.15.0.201708311556/tools/compiler/bin/../lib/gcc/arm-none-eabi/6.3.1/../../../../arm-none-eabi/lib/thumb/v7e-m/fpv4-sp/hard/libc.a(lib_a-mprec.o)
                0x0000000008006280                __pow5mult
 .text.__lshift
                0x0000000008006320       0xa4 /home/haris/Ac6/SystemWorkbench/plugins/fr.ac6.mcu.externaltools.arm-none.linux64_1.15.0.201708311556/tools/compiler/bin/../lib/gcc/arm-none-eabi/6.3.1/../../../../arm-none-eabi/lib/thumb/v7e-m/fpv4-sp/hard/libc.a(lib_a-mprec.o)
                0x0000000008006320                __lshift
 .text.__mcmp   0x00000000080063c4       0x38 /home/haris/Ac6/SystemWorkbench/plugins/fr.ac6.mcu.externaltools.arm-none.linux64_1.15.0.201708311556/tools/compiler/bin/../lib/gcc/arm-none-eabi/6.3.1/../../../../arm-none-eabi/lib/thumb/v7e-m/fpv4-sp/hard/libc.a(lib_a-mprec.o)
                0x00000000080063c4                __mcmp
 .text.__mdiff  0x00000000080063fc      0x108 /home/haris/Ac6/SystemWorkbench/plugins/fr.ac6.mcu.externaltools.arm-none.linux64_1.15.0.201708311556/tools/compiler/bin/../lib/gcc/arm-none-eabi/6.3.1/../../../../arm-none-eabi/lib/thumb/v7e-m/fpv4-sp/hard/libc.a(lib_a-mprec.o)
                0x00000000080063fc                __mdiff
 .text.__d2b    0x0000000008006504       0xbc /home/haris/Ac6/SystemWorkbench/plugins/fr.ac6.mcu.externaltools.arm-none.linux64_1.15.0.201708311556/tools/compiler/bin/../lib/gcc/arm-none-eabi/6.3.1/../../../../arm-none-eabi/lib/thumb/v7e-m/fpv4-sp/hard/libc.a(lib_a-mprec.o)
                0x0000000008006504                __d2b
 .text._sbrk_r  0x00000000080065c0       0x24 /home/haris/Ac6/SystemWorkbench/plugins/fr.ac6.mcu.externaltools.arm-none.linux64_1.15.0.201708311556/tools/compiler/bin/../lib/gcc/arm-none-eabi/6.3.1/../../../../arm-none-eabi/lib/thumb/v7e-m/fpv4-sp/hard/libc.a(lib_a-sbrkr.o)
                0x00000000080065c0                _sbrk_r
 .text.__ssprint_r
                0x00000000080065e4       0xfc /home/haris/Ac6/SystemWorkbench/plugins/fr.ac6.mcu.externaltools.arm-none.linux64_1.15.0.201708311556/tools/compiler/bin/../lib/gcc/arm-none-eabi/6.3.1/../../../../arm-none-eabi/lib/thumb/v7e-m/fpv4-sp/hard/libc.a(lib_a-svfiprintf.o)
                0x00000000080065e4                __ssprint_r
 .text._calloc_r
                0x00000000080066e0       0x60 /home/haris/Ac6/SystemWorkbench/plugins/fr.ac6.mcu.externaltools.arm-none.linux64_1.15.0.201708311556/tools/compiler/bin/../lib/gcc/arm-none-eabi/6.3.1/../../../../arm-none-eabi/lib/thumb/v7e-m/fpv4-sp/hard/libc.a(lib_a-callocr.o)
                0x00000000080066e0                _calloc_r
 .text._malloc_trim_r
                0x0000000008006740       0xa0 /home/haris/Ac6/SystemWorkbench/plugins/fr.ac6.mcu.externaltools.arm-none.linux64_1.15.0.201708311556/tools/compiler/bin/../lib/gcc/arm-none-eabi/6.3.1/../../../../arm-none-eabi/lib/thumb/v7e-m/fpv4-sp/hard/libc.a(lib_a-freer.o)
                0x0000000008006740                _malloc_trim_r
 .text._free_r  0x00000000080067e0      0x1cc /home/haris/Ac6/SystemWorkbench/plugins/fr.ac6.mcu.externaltools.arm-none.linux64_1.15.0.201708311556/tools/compiler/bin/../lib/gcc/arm-none-eabi/6.3.1/../../../../arm-none-eabi/lib/thumb/v7e-m/fpv4-sp/hard/libc.a(lib_a-freer.o)
                0x00000000080067e0                _free_r
 .text.__ascii_mbtowc
                0x00000000080069ac       0x2c /home/haris/Ac6/SystemWorkbench/plugins/fr.ac6.mcu.externaltools.arm-none.linux64_1.15.0.201708311556/tools/compiler/bin/../lib/gcc/arm-none-eabi/6.3.1/../../../../arm-none-eabi/lib/thumb/v7e-m/fpv4-sp/hard/libc.a(lib_a-mbtowc_r.o)
                0x00000000080069ac                __ascii_mbtowc
 .text.memmove  0x00000000080069d8       0xc8 /home/haris/Ac6/SystemWorkbench/plugins/fr.ac6.mcu.externaltools.arm-none.linux64_1.15.0.201708311556/tools/compiler/bin/../lib/gcc/arm-none-eabi/6.3.1/../../../../arm-none-eabi/lib/thumb/v7e-m/fpv4-sp/hard/libc.a(lib_a-memmove.o)
                0x00000000080069d8                memmove
 .text._realloc_r
                0x0000000008006aa0      0x34c /home/haris/Ac6/SystemWorkbench/plugins/fr.ac6.mcu.externaltools.arm-none.linux64_1.15.0.201708311556/tools/compiler/bin/../lib/gcc/arm-none-eabi/6.3.1/../../../../arm-none-eabi/lib/thumb/v7e-m/fpv4-sp/hard/libc.a(lib_a-reallocr.o)
                0x0000000008006aa0                _realloc_r
 .text.__ascii_wctomb
                0x0000000008006dec       0x1c /home/haris/Ac6/SystemWorkbench/plugins/fr.ac6.mcu.externaltools.arm-none.linux64_1.15.0.201708311556/tools/compiler/bin/../lib/gcc/arm-none-eabi/6.3.1/../../../../arm-none-eabi/lib/thumb/v7e-m/fpv4-sp/hard/libc.a(lib_a-wctomb_r.o)
                0x0000000008006dec                __ascii_wctomb
 *(.glue_7)
 .glue_7        0x0000000008006e08        0x0 linker stubs
 *(.glue_7t)
 .glue_7t       0x0000000008006e08        0x0 linker stubs
 *(.eh_frame)
 .eh_frame      0x0000000008006e08        0x0 /home/haris/Ac6/SystemWorkbench/plugins/fr.ac6.mcu.externaltools.arm-none.linux64_1.15.0.201708311556/tools/compiler/bin/../lib/gcc/arm-none-eabi/6.3.1/thumb/v7e-m/fpv4-sp/hard/crtbegin.o
 *(.init)
 .init          0x0000000008006e08        0x4 /home/haris/Ac6/SystemWorkbench/plugins/fr.ac6.mcu.externaltools.arm-none.linux64_1.15.0.201708311556/tools/compiler/bin/../lib/gcc/arm-none-eabi/6.3.1/thumb/v7e-m/fpv4-sp/hard/crti.o
                0x0000000008006e08                _init
 .init          0x0000000008006e0c        0x8 /home/haris/Ac6/SystemWorkbench/plugins/fr.ac6.mcu.externaltools.arm-none.linux64_1.15.0.201708311556/tools/compiler/bin/../lib/gcc/arm-none-eabi/6.3.1/thumb/v7e-m/fpv4-sp/hard/crtn.o
 *(.fini)
 .fini          0x0000000008006e14        0x4 /home/haris/Ac6/SystemWorkbench/plugins/fr.ac6.mcu.externaltools.arm-none.linux64_1.15.0.201708311556/tools/compiler/bin/../lib/gcc/arm-none-eabi/6.3.1/thumb/v7e-m/fpv4-sp/hard/crti.o
                0x0000000008006e14                _fini
 .fini          0x0000000008006e18        0x8 /home/haris/Ac6/SystemWorkbench/plugins/fr.ac6.mcu.externaltools.arm-none.linux64_1.15.0.201708311556/tools/compiler/bin/../lib/gcc/arm-none-eabi/6.3.1/thumb/v7e-m/fpv4-sp/hard/crtn.o
                0x0000000008006e20                . = ALIGN (0x4)
                0x0000000008006e20                _etext = .

.vfp11_veneer   0x0000000008006e20        0x0
 .vfp11_veneer  0x0000000008006e20        0x0 linker stubs

.v4_bx          0x0000000008006e20        0x0
 .v4_bx         0x0000000008006e20        0x0 linker stubs

.iplt           0x0000000008006e20        0x0
 .iplt          0x0000000008006e20        0x0 /home/haris/Ac6/SystemWorkbench/plugins/fr.ac6.mcu.externaltools.arm-none.linux64_1.15.0.201708311556/tools/compiler/bin/../lib/gcc/arm-none-eabi/6.3.1/thumb/v7e-m/fpv4-sp/hard/crtbegin.o

.rodata         0x0000000008006e20      0x3b8
                0x0000000008006e20                . = ALIGN (0x4)
 *(.rodata)
 .rodata        0x0000000008006e20       0x15 src/SRG_Input.o
 *fill*         0x0000000008006e35        0x3 
 .rodata        0x0000000008006e38      0x114 src/main.o
 *(.rodata*)
 .rodata._global_impure_ptr
                0x0000000008006f4c        0x4 /home/haris/Ac6/SystemWorkbench/plugins/fr.ac6.mcu.externaltools.arm-none.linux64_1.15.0.201708311556/tools/compiler/bin/../lib/gcc/arm-none-eabi/6.3.1/../../../../arm-none-eabi/lib/thumb/v7e-m/fpv4-sp/hard/libc.a(lib_a-impure.o)
                0x0000000008006f4c                _global_impure_ptr
 .rodata._svfprintf_r.str1.4
                0x0000000008006f50       0x42 /home/haris/Ac6/SystemWorkbench/plugins/fr.ac6.mcu.externaltools.arm-none.linux64_1.15.0.201708311556/tools/compiler/bin/../lib/gcc/arm-none-eabi/6.3.1/../../../../arm-none-eabi/lib/thumb/v7e-m/fpv4-sp/hard/libc.a(lib_a-svfprintf.o)
 *fill*         0x0000000008006f92        0x2 
 .rodata.blanks.8346
                0x0000000008006f94       0x10 /home/haris/Ac6/SystemWorkbench/plugins/fr.ac6.mcu.externaltools.arm-none.linux64_1.15.0.201708311556/tools/compiler/bin/../lib/gcc/arm-none-eabi/6.3.1/../../../../arm-none-eabi/lib/thumb/v7e-m/fpv4-sp/hard/libc.a(lib_a-svfprintf.o)
 .rodata.zeroes.8347
                0x0000000008006fa4       0x10 /home/haris/Ac6/SystemWorkbench/plugins/fr.ac6.mcu.externaltools.arm-none.linux64_1.15.0.201708311556/tools/compiler/bin/../lib/gcc/arm-none-eabi/6.3.1/../../../../arm-none-eabi/lib/thumb/v7e-m/fpv4-sp/hard/libc.a(lib_a-svfprintf.o)
 .rodata._dtoa_r.str1.4
                0x0000000008006fb4       0x10 /home/haris/Ac6/SystemWorkbench/plugins/fr.ac6.mcu.externaltools.arm-none.linux64_1.15.0.201708311556/tools/compiler/bin/../lib/gcc/arm-none-eabi/6.3.1/../../../../arm-none-eabi/lib/thumb/v7e-m/fpv4-sp/hard/libc.a(lib_a-dtoa.o)
                                         0x12 (size before relaxing)
 *fill*         0x0000000008006fc4        0x4 
 .rodata.__mprec_bigtens
                0x0000000008006fc8       0x28 /home/haris/Ac6/SystemWorkbench/plugins/fr.ac6.mcu.externaltools.arm-none.linux64_1.15.0.201708311556/tools/compiler/bin/../lib/gcc/arm-none-eabi/6.3.1/../../../../arm-none-eabi/lib/thumb/v7e-m/fpv4-sp/hard/libc.a(lib_a-mprec.o)
                0x0000000008006fc8                __mprec_bigtens
 .rodata.__mprec_tens
                0x0000000008006ff0       0xc8 /home/haris/Ac6/SystemWorkbench/plugins/fr.ac6.mcu.externaltools.arm-none.linux64_1.15.0.201708311556/tools/compiler/bin/../lib/gcc/arm-none-eabi/6.3.1/../../../../arm-none-eabi/lib/thumb/v7e-m/fpv4-sp/hard/libc.a(lib_a-mprec.o)
                0x0000000008006ff0                __mprec_tens
 .rodata.p05.7178
                0x00000000080070b8        0xc /home/haris/Ac6/SystemWorkbench/plugins/fr.ac6.mcu.externaltools.arm-none.linux64_1.15.0.201708311556/tools/compiler/bin/../lib/gcc/arm-none-eabi/6.3.1/../../../../arm-none-eabi/lib/thumb/v7e-m/fpv4-sp/hard/libc.a(lib_a-mprec.o)
 .rodata._setlocale_r.str1.4
                0x00000000080070c4        0xa /home/haris/Ac6/SystemWorkbench/plugins/fr.ac6.mcu.externaltools.arm-none.linux64_1.15.0.201708311556/tools/compiler/bin/../lib/gcc/arm-none-eabi/6.3.1/../../../../arm-none-eabi/lib/thumb/v7e-m/fpv4-sp/hard/libc.a(lib_a-locale.o)
                                          0xd (size before relaxing)
 *fill*         0x00000000080070ce        0x2 
 .rodata.str1.4
                0x00000000080070d0        0x4 /home/haris/Ac6/SystemWorkbench/plugins/fr.ac6.mcu.externaltools.arm-none.linux64_1.15.0.201708311556/tools/compiler/bin/../lib/gcc/arm-none-eabi/6.3.1/../../../../arm-none-eabi/lib/thumb/v7e-m/fpv4-sp/hard/libc.a(lib_a-locale.o)
                                          0x2 (size before relaxing)
 .rodata._ctype_
                0x00000000080070d4      0x101 /home/haris/Ac6/SystemWorkbench/plugins/fr.ac6.mcu.externaltools.arm-none.linux64_1.15.0.201708311556/tools/compiler/bin/../lib/gcc/arm-none-eabi/6.3.1/../../../../arm-none-eabi/lib/thumb/v7e-m/fpv4-sp/hard/libc.a(lib_a-ctype_.o)
                0x00000000080070d4                _ctype_
                0x00000000080071d8                . = ALIGN (0x4)
 *fill*         0x00000000080071d5        0x3 

.ARM.extab      0x00000000080071d8        0x0
                0x00000000080071d8                . = ALIGN (0x4)
 *(.ARM.extab* .gnu.linkonce.armextab.*)
                0x00000000080071d8                . = ALIGN (0x4)

.ARM            0x00000000080071d8        0x8
                0x00000000080071d8                . = ALIGN (0x4)
                0x00000000080071d8                __exidx_start = .
 *(.ARM.exidx*)
 .ARM.exidx     0x00000000080071d8        0x8 /home/haris/Ac6/SystemWorkbench/plugins/fr.ac6.mcu.externaltools.arm-none.linux64_1.15.0.201708311556/tools/compiler/bin/../lib/gcc/arm-none-eabi/6.3.1/thumb/v7e-m/fpv4-sp/hard/libgcc.a(_udivmoddi4.o)
                0x00000000080071e0                __exidx_end = .
                0x00000000080071e0                . = ALIGN (0x4)

.rel.dyn        0x00000000080071e0        0x0
 .rel.iplt      0x00000000080071e0        0x0 /home/haris/Ac6/SystemWorkbench/plugins/fr.ac6.mcu.externaltools.arm-none.linux64_1.15.0.201708311556/tools/compiler/bin/../lib/gcc/arm-none-eabi/6.3.1/thumb/v7e-m/fpv4-sp/hard/crtbegin.o

.preinit_array  0x00000000080071e0        0x0
                0x00000000080071e0                . = ALIGN (0x4)
                0x00000000080071e0                PROVIDE (__preinit_array_start, .)
 *(.preinit_array*)
                0x00000000080071e0                PROVIDE (__preinit_array_end, .)
                0x00000000080071e0                . = ALIGN (0x4)

.init_array     0x00000000080071e0        0x8
                0x00000000080071e0                . = ALIGN (0x4)
                0x00000000080071e0                PROVIDE (__init_array_start, .)
 *(SORT(.init_array.*))
 .init_array.00000
                0x00000000080071e0        0x4 /home/haris/Ac6/SystemWorkbench/plugins/fr.ac6.mcu.externaltools.arm-none.linux64_1.15.0.201708311556/tools/compiler/bin/../lib/gcc/arm-none-eabi/6.3.1/../../../../arm-none-eabi/lib/thumb/v7e-m/fpv4-sp/hard/libc.a(lib_a-__call_atexit.o)
 *(.init_array*)
 .init_array    0x00000000080071e4        0x4 /home/haris/Ac6/SystemWorkbench/plugins/fr.ac6.mcu.externaltools.arm-none.linux64_1.15.0.201708311556/tools/compiler/bin/../lib/gcc/arm-none-eabi/6.3.1/thumb/v7e-m/fpv4-sp/hard/crtbegin.o
                0x00000000080071e8                PROVIDE (__init_array_end, .)
                0x00000000080071e8                . = ALIGN (0x4)

.fini_array     0x00000000080071e8        0x4
                0x00000000080071e8                . = ALIGN (0x4)
                0x00000000080071e8                PROVIDE (__fini_array_start, .)
 *(SORT(.fini_array.*))
 *(.fini_array*)
 .fini_array    0x00000000080071e8        0x4 /home/haris/Ac6/SystemWorkbench/plugins/fr.ac6.mcu.externaltools.arm-none.linux64_1.15.0.201708311556/tools/compiler/bin/../lib/gcc/arm-none-eabi/6.3.1/thumb/v7e-m/fpv4-sp/hard/crtbegin.o
                0x00000000080071ec                PROVIDE (__fini_array_end, .)
                0x00000000080071ec                . = ALIGN (0x4)
                0x00000000080071ec                _sidata = LOADADDR (.data)

.data           0x0000000020000000      0x9d0 load address 0x00000000080071ec
                0x0000000020000000                . = ALIGN (0x4)
                0x0000000020000000                _sdata = .
 *(.data)
 .data          0x0000000020000000       0x10 StdPeriph_Driver/src/stm32f4xx_rcc.o
 .data          0x0000000020000010       0x14 src/system_stm32f4xx.o
                0x0000000020000010                SystemCoreClock
                0x0000000020000014                AHBPrescTable
 *(.data*)
 .data._impure_ptr
                0x0000000020000024        0x4 /home/haris/Ac6/SystemWorkbench/plugins/fr.ac6.mcu.externaltools.arm-none.linux64_1.15.0.201708311556/tools/compiler/bin/../lib/gcc/arm-none-eabi/6.3.1/../../../../arm-none-eabi/lib/thumb/v7e-m/fpv4-sp/hard/libc.a(lib_a-impure.o)
                0x0000000020000024                _impure_ptr
 .data.impure_data
                0x0000000020000028      0x428 /home/haris/Ac6/SystemWorkbench/plugins/fr.ac6.mcu.externaltools.arm-none.linux64_1.15.0.201708311556/tools/compiler/bin/../lib/gcc/arm-none-eabi/6.3.1/../../../../arm-none-eabi/lib/thumb/v7e-m/fpv4-sp/hard/libc.a(lib_a-impure.o)
 .data.__atexit_recursive_mutex
                0x0000000020000450        0x4 /home/haris/Ac6/SystemWorkbench/plugins/fr.ac6.mcu.externaltools.arm-none.linux64_1.15.0.201708311556/tools/compiler/bin/../lib/gcc/arm-none-eabi/6.3.1/../../../../arm-none-eabi/lib/thumb/v7e-m/fpv4-sp/hard/libc.a(lib_a-__call_atexit.o)
                0x0000000020000450                __atexit_recursive_mutex
 .data.__malloc_av_
                0x0000000020000454      0x408 /home/haris/Ac6/SystemWorkbench/plugins/fr.ac6.mcu.externaltools.arm-none.linux64_1.15.0.201708311556/tools/compiler/bin/../lib/gcc/arm-none-eabi/6.3.1/../../../../arm-none-eabi/lib/thumb/v7e-m/fpv4-sp/hard/libc.a(lib_a-mallocr.o)
                0x0000000020000454                __malloc_av_
 .data.__malloc_sbrk_base
                0x000000002000085c        0x4 /home/haris/Ac6/SystemWorkbench/plugins/fr.ac6.mcu.externaltools.arm-none.linux64_1.15.0.201708311556/tools/compiler/bin/../lib/gcc/arm-none-eabi/6.3.1/../../../../arm-none-eabi/lib/thumb/v7e-m/fpv4-sp/hard/libc.a(lib_a-mallocr.o)
                0x000000002000085c                __malloc_sbrk_base
 .data.__malloc_trim_threshold
                0x0000000020000860        0x4 /home/haris/Ac6/SystemWorkbench/plugins/fr.ac6.mcu.externaltools.arm-none.linux64_1.15.0.201708311556/tools/compiler/bin/../lib/gcc/arm-none-eabi/6.3.1/../../../../arm-none-eabi/lib/thumb/v7e-m/fpv4-sp/hard/libc.a(lib_a-mallocr.o)
                0x0000000020000860                __malloc_trim_threshold
 .data.__global_locale
                0x0000000020000864      0x16c /home/haris/Ac6/SystemWorkbench/plugins/fr.ac6.mcu.externaltools.arm-none.linux64_1.15.0.201708311556/tools/compiler/bin/../lib/gcc/arm-none-eabi/6.3.1/../../../../arm-none-eabi/lib/thumb/v7e-m/fpv4-sp/hard/libc.a(lib_a-locale.o)
                0x0000000020000864                __global_locale
                0x00000000200009d0                . = ALIGN (0x4)
                0x00000000200009d0                _edata = .

.jcr            0x00000000200009d0        0x0 load address 0x0000000008007bbc
 .jcr           0x00000000200009d0        0x0 /home/haris/Ac6/SystemWorkbench/plugins/fr.ac6.mcu.externaltools.arm-none.linux64_1.15.0.201708311556/tools/compiler/bin/../lib/gcc/arm-none-eabi/6.3.1/thumb/v7e-m/fpv4-sp/hard/crtbegin.o

.igot.plt       0x00000000200009d0        0x0 load address 0x0000000008007bbc
 .igot.plt      0x00000000200009d0        0x0 /home/haris/Ac6/SystemWorkbench/plugins/fr.ac6.mcu.externaltools.arm-none.linux64_1.15.0.201708311556/tools/compiler/bin/../lib/gcc/arm-none-eabi/6.3.1/thumb/v7e-m/fpv4-sp/hard/crtbegin.o
                0x00000000200009d0                . = ALIGN (0x4)

.bss            0x00000000200009d0      0x294 load address 0x0000000008007bbc
                0x00000000200009d0                _sbss = .
                0x00000000200009d0                __bss_start__ = _sbss
 *(.bss)
 .bss           0x00000000200009d0       0x1c /home/haris/Ac6/SystemWorkbench/plugins/fr.ac6.mcu.externaltools.arm-none.linux64_1.15.0.201708311556/tools/compiler/bin/../lib/gcc/arm-none-eabi/6.3.1/thumb/v7e-m/fpv4-sp/hard/crtbegin.o
 .bss           0x00000000200009ec        0x1 src/delay.o
 *fill*         0x00000000200009ed        0x3 
 .bss           0x00000000200009f0        0x8 src/syscalls.o
                0x00000000200009f0                __env
 *(.bss*)
 .bss.__malloc_current_mallinfo
                0x00000000200009f8       0x28 /home/haris/Ac6/SystemWorkbench/plugins/fr.ac6.mcu.externaltools.arm-none.linux64_1.15.0.201708311556/tools/compiler/bin/../lib/gcc/arm-none-eabi/6.3.1/../../../../arm-none-eabi/lib/thumb/v7e-m/fpv4-sp/hard/libc.a(lib_a-mallocr.o)
                0x00000000200009f8                __malloc_current_mallinfo
 .bss.__malloc_max_sbrked_mem
                0x0000000020000a20        0x4 /home/haris/Ac6/SystemWorkbench/plugins/fr.ac6.mcu.externaltools.arm-none.linux64_1.15.0.201708311556/tools/compiler/bin/../lib/gcc/arm-none-eabi/6.3.1/../../../../arm-none-eabi/lib/thumb/v7e-m/fpv4-sp/hard/libc.a(lib_a-mallocr.o)
                0x0000000020000a20                __malloc_max_sbrked_mem
 .bss.__malloc_max_total_mem
                0x0000000020000a24        0x4 /home/haris/Ac6/SystemWorkbench/plugins/fr.ac6.mcu.externaltools.arm-none.linux64_1.15.0.201708311556/tools/compiler/bin/../lib/gcc/arm-none-eabi/6.3.1/../../../../arm-none-eabi/lib/thumb/v7e-m/fpv4-sp/hard/libc.a(lib_a-mallocr.o)
                0x0000000020000a24                __malloc_max_total_mem
 .bss.__malloc_top_pad
                0x0000000020000a28        0x4 /home/haris/Ac6/SystemWorkbench/plugins/fr.ac6.mcu.externaltools.arm-none.linux64_1.15.0.201708311556/tools/compiler/bin/../lib/gcc/arm-none-eabi/6.3.1/../../../../arm-none-eabi/lib/thumb/v7e-m/fpv4-sp/hard/libc.a(lib_a-mallocr.o)
                0x0000000020000a28                __malloc_top_pad
 *(COMMON)
 COMMON         0x0000000020000a2c        0xc src/SRG_Timers.o
                0x0000000020000a2c                TIMOnePulse
 COMMON         0x0000000020000a38      0x202 src/SRG_USART.o
                0x0000000020000a38                USART3_Buffers
 *fill*         0x0000000020000c3a        0x2 
 COMMON         0x0000000020000c3c       0x21 /home/haris/Ac6/SystemWorkbench/plugins/fr.ac6.mcu.externaltools.arm-none.linux64_1.15.0.201708311556/tools/compiler/bin/../lib/gcc/arm-none-eabi/6.3.1/../../../../arm-none-eabi/lib/thumb/v7e-m/fpv4-sp/hard/libc.a(lib_a-lock.o)
                0x0000000020000c3c                __lock___atexit_recursive_mutex
                0x0000000020000c40                __lock___arc4random_mutex
                0x0000000020000c44                __lock___env_recursive_mutex
                0x0000000020000c48                __lock___sinit_recursive_mutex
                0x0000000020000c4c                __lock___malloc_recursive_mutex
                0x0000000020000c50                __lock___at_quick_exit_mutex
                0x0000000020000c54                __lock___dd_hash_mutex
                0x0000000020000c58                __lock___tz_mutex
                0x0000000020000c5c                __lock___sfp_recursive_mutex
 *fill*         0x0000000020000c5d        0x3 
 COMMON         0x0000000020000c60        0x4 /home/haris/Ac6/SystemWorkbench/plugins/fr.ac6.mcu.externaltools.arm-none.linux64_1.15.0.201708311556/tools/compiler/bin/../lib/gcc/arm-none-eabi/6.3.1/../../../../arm-none-eabi/lib/thumb/v7e-m/fpv4-sp/hard/libc.a(lib_a-reent.o)
                0x0000000020000c60                errno
                0x0000000020000c64                . = ALIGN (0x4)
                0x0000000020000c64                _ebss = .
                0x0000000020000c64                __bss_end__ = _ebss

._user_heap_stack
                0x0000000020000c64      0x404 load address 0x0000000008007bbc
                0x0000000020000c68                . = ALIGN (0x8)
 *fill*         0x0000000020000c64        0x4 
                0x0000000020000c68                PROVIDE (end, .)
                [!provide]                        PROVIDE (_end, .)
                0x0000000020000c68                . = (. + _Min_Heap_Size)
                0x0000000020001068                . = (. + _Min_Stack_Size)
 *fill*         0x0000000020000c68      0x400 
                0x0000000020001068                . = ALIGN (0x8)

/DISCARD/
 libc.a(*)
 libm.a(*)
 libgcc.a(*)

.ARM.attributes
                0x0000000000000000       0x30
 *(.ARM.attributes)
 .ARM.attributes
                0x0000000000000000       0x22 /home/haris/Ac6/SystemWorkbench/plugins/fr.ac6.mcu.externaltools.arm-none.linux64_1.15.0.201708311556/tools/compiler/bin/../lib/gcc/arm-none-eabi/6.3.1/thumb/v7e-m/fpv4-sp/hard/crti.o
 .ARM.attributes
                0x0000000000000022       0x34 /home/haris/Ac6/SystemWorkbench/plugins/fr.ac6.mcu.externaltools.arm-none.linux64_1.15.0.201708311556/tools/compiler/bin/../lib/gcc/arm-none-eabi/6.3.1/thumb/v7e-m/fpv4-sp/hard/crtbegin.o
 .ARM.attributes
                0x0000000000000056       0x39 StdPeriph_Driver/src/misc.o
 .ARM.attributes
                0x000000000000008f       0x39 StdPeriph_Driver/src/stm32f4xx_dma.o
 .ARM.attributes
                0x00000000000000c8       0x39 StdPeriph_Driver/src/stm32f4xx_exti.o
 .ARM.attributes
                0x0000000000000101       0x39 StdPeriph_Driver/src/stm32f4xx_gpio.o
 .ARM.attributes
                0x000000000000013a       0x39 StdPeriph_Driver/src/stm32f4xx_rcc.o
 .ARM.attributes
                0x0000000000000173       0x39 StdPeriph_Driver/src/stm32f4xx_syscfg.o
 .ARM.attributes
                0x00000000000001ac       0x39 StdPeriph_Driver/src/stm32f4xx_tim.o
 .ARM.attributes
                0x00000000000001e5       0x39 StdPeriph_Driver/src/stm32f4xx_usart.o
 .ARM.attributes
                0x000000000000021e       0x39 src/LED.o
 .ARM.attributes
                0x0000000000000257       0x39 src/SRG_Input.o
 .ARM.attributes
                0x0000000000000290       0x39 src/SRG_Timers.o
 .ARM.attributes
                0x00000000000002c9       0x39 src/SRG_USART.o
 .ARM.attributes
                0x0000000000000302       0x39 src/delay.o
 .ARM.attributes
                0x000000000000033b       0x39 src/main.o
 .ARM.attributes
                0x0000000000000374       0x39 src/syscalls.o
 .ARM.attributes
                0x00000000000003ad       0x39 src/system_stm32f4xx.o
 .ARM.attributes
                0x00000000000003e6       0x21 startup/startup_stm32.o
 .ARM.attributes
                0x0000000000000407       0x34 /home/haris/Ac6/SystemWorkbench/plugins/fr.ac6.mcu.externaltools.arm-none.linux64_1.15.0.201708311556/tools/compiler/bin/../lib/gcc/arm-none-eabi/6.3.1/../../../../arm-none-eabi/lib/thumb/v7e-m/fpv4-sp/hard/libc.a(lib_a-errno.o)
 .ARM.attributes
                0x000000000000043b       0x34 /home/haris/Ac6/SystemWorkbench/plugins/fr.ac6.mcu.externaltools.arm-none.linux64_1.15.0.201708311556/tools/compiler/bin/../lib/gcc/arm-none-eabi/6.3.1/../../../../arm-none-eabi/lib/thumb/v7e-m/fpv4-sp/hard/libc.a(lib_a-impure.o)
 .ARM.attributes
                0x000000000000046f       0x34 /home/haris/Ac6/SystemWorkbench/plugins/fr.ac6.mcu.externaltools.arm-none.linux64_1.15.0.201708311556/tools/compiler/bin/../lib/gcc/arm-none-eabi/6.3.1/../../../../arm-none-eabi/lib/thumb/v7e-m/fpv4-sp/hard/libc.a(lib_a-init.o)
 .ARM.attributes
                0x00000000000004a3       0x34 /home/haris/Ac6/SystemWorkbench/plugins/fr.ac6.mcu.externaltools.arm-none.linux64_1.15.0.201708311556/tools/compiler/bin/../lib/gcc/arm-none-eabi/6.3.1/../../../../arm-none-eabi/lib/thumb/v7e-m/fpv4-sp/hard/libc.a(lib_a-memset.o)
 .ARM.attributes
                0x00000000000004d7       0x34 /home/haris/Ac6/SystemWorkbench/plugins/fr.ac6.mcu.externaltools.arm-none.linux64_1.15.0.201708311556/tools/compiler/bin/../lib/gcc/arm-none-eabi/6.3.1/../../../../arm-none-eabi/lib/thumb/v7e-m/fpv4-sp/hard/libc.a(lib_a-vsnprintf.o)
 .ARM.attributes
                0x000000000000050b       0x34 /home/haris/Ac6/SystemWorkbench/plugins/fr.ac6.mcu.externaltools.arm-none.linux64_1.15.0.201708311556/tools/compiler/bin/../lib/gcc/arm-none-eabi/6.3.1/../../../../arm-none-eabi/lib/thumb/v7e-m/fpv4-sp/hard/libc.a(lib_a-__call_atexit.o)
 .ARM.attributes
                0x000000000000053f       0x34 /home/haris/Ac6/SystemWorkbench/plugins/fr.ac6.mcu.externaltools.arm-none.linux64_1.15.0.201708311556/tools/compiler/bin/../lib/gcc/arm-none-eabi/6.3.1/../../../../arm-none-eabi/lib/thumb/v7e-m/fpv4-sp/hard/libc.a(lib_a-atexit.o)
 .ARM.attributes
                0x0000000000000573       0x34 /home/haris/Ac6/SystemWorkbench/plugins/fr.ac6.mcu.externaltools.arm-none.linux64_1.15.0.201708311556/tools/compiler/bin/../lib/gcc/arm-none-eabi/6.3.1/../../../../arm-none-eabi/lib/thumb/v7e-m/fpv4-sp/hard/libc.a(lib_a-fini.o)
 .ARM.attributes
                0x00000000000005a7       0x34 /home/haris/Ac6/SystemWorkbench/plugins/fr.ac6.mcu.externaltools.arm-none.linux64_1.15.0.201708311556/tools/compiler/bin/../lib/gcc/arm-none-eabi/6.3.1/../../../../arm-none-eabi/lib/thumb/v7e-m/fpv4-sp/hard/libc.a(lib_a-lock.o)
 .ARM.attributes
                0x00000000000005db       0x34 /home/haris/Ac6/SystemWorkbench/plugins/fr.ac6.mcu.externaltools.arm-none.linux64_1.15.0.201708311556/tools/compiler/bin/../lib/gcc/arm-none-eabi/6.3.1/../../../../arm-none-eabi/lib/thumb/v7e-m/fpv4-sp/hard/libc.a(lib_a-svfprintf.o)
 .ARM.attributes
                0x000000000000060f       0x34 /home/haris/Ac6/SystemWorkbench/plugins/fr.ac6.mcu.externaltools.arm-none.linux64_1.15.0.201708311556/tools/compiler/bin/../lib/gcc/arm-none-eabi/6.3.1/../../../../arm-none-eabi/lib/thumb/v7e-m/fpv4-sp/hard/libc.a(lib_a-__atexit.o)
 .ARM.attributes
                0x0000000000000643       0x34 /home/haris/Ac6/SystemWorkbench/plugins/fr.ac6.mcu.externaltools.arm-none.linux64_1.15.0.201708311556/tools/compiler/bin/../lib/gcc/arm-none-eabi/6.3.1/../../../../arm-none-eabi/lib/thumb/v7e-m/fpv4-sp/hard/libc.a(lib_a-dtoa.o)
 .ARM.attributes
                0x0000000000000677       0x34 /home/haris/Ac6/SystemWorkbench/plugins/fr.ac6.mcu.externaltools.arm-none.linux64_1.15.0.201708311556/tools/compiler/bin/../lib/gcc/arm-none-eabi/6.3.1/../../../../arm-none-eabi/lib/thumb/v7e-m/fpv4-sp/hard/libc.a(lib_a-localeconv.o)
 .ARM.attributes
                0x00000000000006ab       0x34 /home/haris/Ac6/SystemWorkbench/plugins/fr.ac6.mcu.externaltools.arm-none.linux64_1.15.0.201708311556/tools/compiler/bin/../lib/gcc/arm-none-eabi/6.3.1/../../../../arm-none-eabi/lib/thumb/v7e-m/fpv4-sp/hard/libc.a(lib_a-mallocr.o)
 .ARM.attributes
                0x00000000000006df       0x20 /home/haris/Ac6/SystemWorkbench/plugins/fr.ac6.mcu.externaltools.arm-none.linux64_1.15.0.201708311556/tools/compiler/bin/../lib/gcc/arm-none-eabi/6.3.1/../../../../arm-none-eabi/lib/thumb/v7e-m/fpv4-sp/hard/libc.a(lib_a-memchr.o)
 .ARM.attributes
                0x00000000000006ff       0x20 /home/haris/Ac6/SystemWorkbench/plugins/fr.ac6.mcu.externaltools.arm-none.linux64_1.15.0.201708311556/tools/compiler/bin/../lib/gcc/arm-none-eabi/6.3.1/../../../../arm-none-eabi/lib/thumb/v7e-m/fpv4-sp/hard/libc.a(lib_a-memcpy.o)
 .ARM.attributes
                0x000000000000071f       0x34 /home/haris/Ac6/SystemWorkbench/plugins/fr.ac6.mcu.externaltools.arm-none.linux64_1.15.0.201708311556/tools/compiler/bin/../lib/gcc/arm-none-eabi/6.3.1/../../../../arm-none-eabi/lib/thumb/v7e-m/fpv4-sp/hard/libc.a(lib_a-mlock.o)
 .ARM.attributes
                0x0000000000000753       0x34 /home/haris/Ac6/SystemWorkbench/plugins/fr.ac6.mcu.externaltools.arm-none.linux64_1.15.0.201708311556/tools/compiler/bin/../lib/gcc/arm-none-eabi/6.3.1/../../../../arm-none-eabi/lib/thumb/v7e-m/fpv4-sp/hard/libc.a(lib_a-mprec.o)
 .ARM.attributes
                0x0000000000000787       0x34 /home/haris/Ac6/SystemWorkbench/plugins/fr.ac6.mcu.externaltools.arm-none.linux64_1.15.0.201708311556/tools/compiler/bin/../lib/gcc/arm-none-eabi/6.3.1/../../../../arm-none-eabi/lib/thumb/v7e-m/fpv4-sp/hard/libc.a(lib_a-sbrkr.o)
 .ARM.attributes
                0x00000000000007bb       0x20 /home/haris/Ac6/SystemWorkbench/plugins/fr.ac6.mcu.externaltools.arm-none.linux64_1.15.0.201708311556/tools/compiler/bin/../lib/gcc/arm-none-eabi/6.3.1/../../../../arm-none-eabi/lib/thumb/v7e-m/fpv4-sp/hard/libc.a(lib_a-strlen.o)
 .ARM.attributes
                0x00000000000007db       0x34 /home/haris/Ac6/SystemWorkbench/plugins/fr.ac6.mcu.externaltools.arm-none.linux64_1.15.0.201708311556/tools/compiler/bin/../lib/gcc/arm-none-eabi/6.3.1/../../../../arm-none-eabi/lib/thumb/v7e-m/fpv4-sp/hard/libc.a(lib_a-svfiprintf.o)
 .ARM.attributes
                0x000000000000080f       0x34 /home/haris/Ac6/SystemWorkbench/plugins/fr.ac6.mcu.externaltools.arm-none.linux64_1.15.0.201708311556/tools/compiler/bin/../lib/gcc/arm-none-eabi/6.3.1/../../../../arm-none-eabi/lib/thumb/v7e-m/fpv4-sp/hard/libc.a(lib_a-callocr.o)
 .ARM.attributes
                0x0000000000000843       0x34 /home/haris/Ac6/SystemWorkbench/plugins/fr.ac6.mcu.externaltools.arm-none.linux64_1.15.0.201708311556/tools/compiler/bin/../lib/gcc/arm-none-eabi/6.3.1/../../../../arm-none-eabi/lib/thumb/v7e-m/fpv4-sp/hard/libc.a(lib_a-freer.o)
 .ARM.attributes
                0x0000000000000877       0x34 /home/haris/Ac6/SystemWorkbench/plugins/fr.ac6.mcu.externaltools.arm-none.linux64_1.15.0.201708311556/tools/compiler/bin/../lib/gcc/arm-none-eabi/6.3.1/../../../../arm-none-eabi/lib/thumb/v7e-m/fpv4-sp/hard/libc.a(lib_a-locale.o)
 .ARM.attributes
                0x00000000000008ab       0x34 /home/haris/Ac6/SystemWorkbench/plugins/fr.ac6.mcu.externaltools.arm-none.linux64_1.15.0.201708311556/tools/compiler/bin/../lib/gcc/arm-none-eabi/6.3.1/../../../../arm-none-eabi/lib/thumb/v7e-m/fpv4-sp/hard/libc.a(lib_a-mbtowc_r.o)
 .ARM.attributes
                0x00000000000008df       0x34 /home/haris/Ac6/SystemWorkbench/plugins/fr.ac6.mcu.externaltools.arm-none.linux64_1.15.0.201708311556/tools/compiler/bin/../lib/gcc/arm-none-eabi/6.3.1/../../../../arm-none-eabi/lib/thumb/v7e-m/fpv4-sp/hard/libc.a(lib_a-memmove.o)
 .ARM.attributes
                0x0000000000000913       0x34 /home/haris/Ac6/SystemWorkbench/plugins/fr.ac6.mcu.externaltools.arm-none.linux64_1.15.0.201708311556/tools/compiler/bin/../lib/gcc/arm-none-eabi/6.3.1/../../../../arm-none-eabi/lib/thumb/v7e-m/fpv4-sp/hard/libc.a(lib_a-reallocr.o)
 .ARM.attributes
                0x0000000000000947       0x34 /home/haris/Ac6/SystemWorkbench/plugins/fr.ac6.mcu.externaltools.arm-none.linux64_1.15.0.201708311556/tools/compiler/bin/../lib/gcc/arm-none-eabi/6.3.1/../../../../arm-none-eabi/lib/thumb/v7e-m/fpv4-sp/hard/libc.a(lib_a-reent.o)
 .ARM.attributes
                0x000000000000097b       0x34 /home/haris/Ac6/SystemWorkbench/plugins/fr.ac6.mcu.externaltools.arm-none.linux64_1.15.0.201708311556/tools/compiler/bin/../lib/gcc/arm-none-eabi/6.3.1/../../../../arm-none-eabi/lib/thumb/v7e-m/fpv4-sp/hard/libc.a(lib_a-wctomb_r.o)
 .ARM.attributes
                0x00000000000009af       0x34 /home/haris/Ac6/SystemWorkbench/plugins/fr.ac6.mcu.externaltools.arm-none.linux64_1.15.0.201708311556/tools/compiler/bin/../lib/gcc/arm-none-eabi/6.3.1/../../../../arm-none-eabi/lib/thumb/v7e-m/fpv4-sp/hard/libc.a(lib_a-ctype_.o)
 .ARM.attributes
                0x00000000000009e3       0x22 /home/haris/Ac6/SystemWorkbench/plugins/fr.ac6.mcu.externaltools.arm-none.linux64_1.15.0.201708311556/tools/compiler/bin/../lib/gcc/arm-none-eabi/6.3.1/thumb/v7e-m/fpv4-sp/hard/libgcc.a(_arm_addsubdf3.o)
 .ARM.attributes
                0x0000000000000a05       0x22 /home/haris/Ac6/SystemWorkbench/plugins/fr.ac6.mcu.externaltools.arm-none.linux64_1.15.0.201708311556/tools/compiler/bin/../lib/gcc/arm-none-eabi/6.3.1/thumb/v7e-m/fpv4-sp/hard/libgcc.a(_arm_muldivdf3.o)
 .ARM.attributes
                0x0000000000000a27       0x22 /home/haris/Ac6/SystemWorkbench/plugins/fr.ac6.mcu.externaltools.arm-none.linux64_1.15.0.201708311556/tools/compiler/bin/../lib/gcc/arm-none-eabi/6.3.1/thumb/v7e-m/fpv4-sp/hard/libgcc.a(_arm_cmpdf2.o)
 .ARM.attributes
                0x0000000000000a49       0x22 /home/haris/Ac6/SystemWorkbench/plugins/fr.ac6.mcu.externaltools.arm-none.linux64_1.15.0.201708311556/tools/compiler/bin/../lib/gcc/arm-none-eabi/6.3.1/thumb/v7e-m/fpv4-sp/hard/libgcc.a(_arm_unorddf2.o)
 .ARM.attributes
                0x0000000000000a6b       0x22 /home/haris/Ac6/SystemWorkbench/plugins/fr.ac6.mcu.externaltools.arm-none.linux64_1.15.0.201708311556/tools/compiler/bin/../lib/gcc/arm-none-eabi/6.3.1/thumb/v7e-m/fpv4-sp/hard/libgcc.a(_arm_fixdfsi.o)
 .ARM.attributes
                0x0000000000000a8d       0x22 /home/haris/Ac6/SystemWorkbench/plugins/fr.ac6.mcu.externaltools.arm-none.linux64_1.15.0.201708311556/tools/compiler/bin/../lib/gcc/arm-none-eabi/6.3.1/thumb/v7e-m/fpv4-sp/hard/libgcc.a(_aeabi_uldivmod.o)
 .ARM.attributes
                0x0000000000000aaf       0x34 /home/haris/Ac6/SystemWorkbench/plugins/fr.ac6.mcu.externaltools.arm-none.linux64_1.15.0.201708311556/tools/compiler/bin/../lib/gcc/arm-none-eabi/6.3.1/thumb/v7e-m/fpv4-sp/hard/libgcc.a(_udivmoddi4.o)
 .ARM.attributes
                0x0000000000000ae3       0x22 /home/haris/Ac6/SystemWorkbench/plugins/fr.ac6.mcu.externaltools.arm-none.linux64_1.15.0.201708311556/tools/compiler/bin/../lib/gcc/arm-none-eabi/6.3.1/thumb/v7e-m/fpv4-sp/hard/libgcc.a(_dvmd_tls.o)
 .ARM.attributes
                0x0000000000000b05       0x22 /home/haris/Ac6/SystemWorkbench/plugins/fr.ac6.mcu.externaltools.arm-none.linux64_1.15.0.201708311556/tools/compiler/bin/../lib/gcc/arm-none-eabi/6.3.1/thumb/v7e-m/fpv4-sp/hard/crtn.o
OUTPUT(SRG.elf elf32-littlearm)

.debug_info     0x0000000000000000     0x934d
 .debug_info    0x0000000000000000      0x551 StdPeriph_Driver/src/misc.o
 .debug_info    0x0000000000000551      0x750 StdPeriph_Driver/src/stm32f4xx_dma.o
 .debug_info    0x0000000000000ca1      0x35b StdPeriph_Driver/src/stm32f4xx_exti.o
 .debug_info    0x0000000000000ffc      0x62c StdPeriph_Driver/src/stm32f4xx_gpio.o
 .debug_info    0x0000000000001628      0xe6b StdPeriph_Driver/src/stm32f4xx_rcc.o
 .debug_info    0x0000000000002493      0x2ab StdPeriph_Driver/src/stm32f4xx_syscfg.o
 .debug_info    0x000000000000273e     0x1c78 StdPeriph_Driver/src/stm32f4xx_tim.o
 .debug_info    0x00000000000043b6      0x9d9 StdPeriph_Driver/src/stm32f4xx_usart.o
 .debug_info    0x0000000000004d8f      0x390 src/LED.o
 .debug_info    0x000000000000511f      0x91a src/SRG_Input.o
 .debug_info    0x0000000000005a39      0x6fd src/SRG_Timers.o
 .debug_info    0x0000000000006136     0x1138 src/SRG_USART.o
 .debug_info    0x000000000000726e      0x752 src/delay.o
 .debug_info    0x00000000000079c0      0x3c6 src/main.o
 .debug_info    0x0000000000007d86      0xf2a src/syscalls.o
 .debug_info    0x0000000000008cb0      0x618 src/system_stm32f4xx.o
 .debug_info    0x00000000000092c8       0x85 startup/startup_stm32.o

.debug_abbrev   0x0000000000000000     0x1a5a
 .debug_abbrev  0x0000000000000000      0x175 StdPeriph_Driver/src/misc.o
 .debug_abbrev  0x0000000000000175      0x16b StdPeriph_Driver/src/stm32f4xx_dma.o
 .debug_abbrev  0x00000000000002e0      0x1bf StdPeriph_Driver/src/stm32f4xx_exti.o
 .debug_abbrev  0x000000000000049f      0x1bb StdPeriph_Driver/src/stm32f4xx_gpio.o
 .debug_abbrev  0x000000000000065a      0x1d2 StdPeriph_Driver/src/stm32f4xx_rcc.o
 .debug_abbrev  0x000000000000082c      0x149 StdPeriph_Driver/src/stm32f4xx_syscfg.o
 .debug_abbrev  0x0000000000000975      0x19d StdPeriph_Driver/src/stm32f4xx_tim.o
 .debug_abbrev  0x0000000000000b12      0x185 StdPeriph_Driver/src/stm32f4xx_usart.o
 .debug_abbrev  0x0000000000000c97      0x12f src/LED.o
 .debug_abbrev  0x0000000000000dc6      0x188 src/SRG_Input.o
 .debug_abbrev  0x0000000000000f4e      0x186 src/SRG_Timers.o
 .debug_abbrev  0x00000000000010d4      0x2c3 src/SRG_USART.o
 .debug_abbrev  0x0000000000001397      0x170 src/delay.o
 .debug_abbrev  0x0000000000001507      0x13c src/main.o
 .debug_abbrev  0x0000000000001643      0x2aa src/syscalls.o
 .debug_abbrev  0x00000000000018ed      0x15b src/system_stm32f4xx.o
 .debug_abbrev  0x0000000000001a48       0x12 startup/startup_stm32.o

.debug_aranges  0x0000000000000000      0xa90
 .debug_aranges
                0x0000000000000000       0x40 StdPeriph_Driver/src/misc.o
 .debug_aranges
                0x0000000000000040       0xb0 StdPeriph_Driver/src/stm32f4xx_dma.o
 .debug_aranges
                0x00000000000000f0       0x58 StdPeriph_Driver/src/stm32f4xx_exti.o
 .debug_aranges
                0x0000000000000148       0x88 StdPeriph_Driver/src/stm32f4xx_gpio.o
 .debug_aranges
                0x00000000000001d0      0x1c0 StdPeriph_Driver/src/stm32f4xx_rcc.o
 .debug_aranges
                0x0000000000000390       0x50 StdPeriph_Driver/src/stm32f4xx_syscfg.o
 .debug_aranges
                0x00000000000003e0      0x2f8 StdPeriph_Driver/src/stm32f4xx_tim.o
 .debug_aranges
                0x00000000000006d8      0x100 StdPeriph_Driver/src/stm32f4xx_usart.o
 .debug_aranges
                0x00000000000007d8       0x80 src/LED.o
 .debug_aranges
                0x0000000000000858       0x30 src/SRG_Input.o
 .debug_aranges
                0x0000000000000888       0x40 src/SRG_Timers.o
 .debug_aranges
                0x00000000000008c8       0x40 src/SRG_USART.o
 .debug_aranges
                0x0000000000000908       0x58 src/delay.o
 .debug_aranges
                0x0000000000000960       0x28 src/main.o
 .debug_aranges
                0x0000000000000988       0xb0 src/syscalls.o
 .debug_aranges
                0x0000000000000a38       0x30 src/system_stm32f4xx.o
 .debug_aranges
                0x0000000000000a68       0x28 startup/startup_stm32.o

.debug_ranges   0x0000000000000000      0x988
 .debug_ranges  0x0000000000000000       0x30 StdPeriph_Driver/src/misc.o
 .debug_ranges  0x0000000000000030       0xa0 StdPeriph_Driver/src/stm32f4xx_dma.o
 .debug_ranges  0x00000000000000d0       0x48 StdPeriph_Driver/src/stm32f4xx_exti.o
 .debug_ranges  0x0000000000000118       0x78 StdPeriph_Driver/src/stm32f4xx_gpio.o
 .debug_ranges  0x0000000000000190      0x1b0 StdPeriph_Driver/src/stm32f4xx_rcc.o
 .debug_ranges  0x0000000000000340       0x40 StdPeriph_Driver/src/stm32f4xx_syscfg.o
 .debug_ranges  0x0000000000000380      0x2e8 StdPeriph_Driver/src/stm32f4xx_tim.o
 .debug_ranges  0x0000000000000668       0xf0 StdPeriph_Driver/src/stm32f4xx_usart.o
 .debug_ranges  0x0000000000000758       0x70 src/LED.o
 .debug_ranges  0x00000000000007c8       0x20 src/SRG_Input.o
 .debug_ranges  0x00000000000007e8       0x30 src/SRG_Timers.o
 .debug_ranges  0x0000000000000818       0x30 src/SRG_USART.o
 .debug_ranges  0x0000000000000848       0x48 src/delay.o
 .debug_ranges  0x0000000000000890       0x18 src/main.o
 .debug_ranges  0x00000000000008a8       0xa0 src/syscalls.o
 .debug_ranges  0x0000000000000948       0x20 src/system_stm32f4xx.o
 .debug_ranges  0x0000000000000968       0x20 startup/startup_stm32.o

.debug_macro    0x0000000000000000    0x1322e
 .debug_macro   0x0000000000000000      0x1be StdPeriph_Driver/src/misc.o
 .debug_macro   0x00000000000001be      0x8d4 StdPeriph_Driver/src/misc.o
 .debug_macro   0x0000000000000a92       0x6b StdPeriph_Driver/src/misc.o
 .debug_macro   0x0000000000000afd       0x3b StdPeriph_Driver/src/misc.o
 .debug_macro   0x0000000000000b38       0x22 StdPeriph_Driver/src/misc.o
 .debug_macro   0x0000000000000b5a       0x87 StdPeriph_Driver/src/misc.o
 .debug_macro   0x0000000000000be1       0x51 StdPeriph_Driver/src/misc.o
 .debug_macro   0x0000000000000c32       0xef StdPeriph_Driver/src/misc.o
 .debug_macro   0x0000000000000d21       0x6a StdPeriph_Driver/src/misc.o
 .debug_macro   0x0000000000000d8b      0x1df StdPeriph_Driver/src/misc.o
 .debug_macro   0x0000000000000f6a       0x34 StdPeriph_Driver/src/misc.o
 .debug_macro   0x0000000000000f9e       0x26 StdPeriph_Driver/src/misc.o
 .debug_macro   0x0000000000000fc4      0xe43 StdPeriph_Driver/src/misc.o
 .debug_macro   0x0000000000001e07     0x91ad StdPeriph_Driver/src/misc.o
 .debug_macro   0x000000000000afb4      0x44f StdPeriph_Driver/src/misc.o
 .debug_macro   0x000000000000b403       0xb2 StdPeriph_Driver/src/misc.o
 .debug_macro   0x000000000000b4b5      0x477 StdPeriph_Driver/src/misc.o
 .debug_macro   0x000000000000b92c       0xb5 StdPeriph_Driver/src/misc.o
 .debug_macro   0x000000000000b9e1      0x41c StdPeriph_Driver/src/misc.o
 .debug_macro   0x000000000000bdfd      0x2fb StdPeriph_Driver/src/misc.o
 .debug_macro   0x000000000000c0f8      0x2ba StdPeriph_Driver/src/misc.o
 .debug_macro   0x000000000000c3b2       0x64 StdPeriph_Driver/src/misc.o
 .debug_macro   0x000000000000c416       0xee StdPeriph_Driver/src/misc.o
 .debug_macro   0x000000000000c504      0x65f StdPeriph_Driver/src/misc.o
 .debug_macro   0x000000000000cb63      0x59e StdPeriph_Driver/src/misc.o
 .debug_macro   0x000000000000d101      0x342 StdPeriph_Driver/src/misc.o
 .debug_macro   0x000000000000d443      0x36c StdPeriph_Driver/src/misc.o
 .debug_macro   0x000000000000d7af      0x114 StdPeriph_Driver/src/misc.o
 .debug_macro   0x000000000000d8c3      0x73b StdPeriph_Driver/src/misc.o
 .debug_macro   0x000000000000dffe      0x223 StdPeriph_Driver/src/misc.o
 .debug_macro   0x000000000000e221       0x34 StdPeriph_Driver/src/misc.o
 .debug_macro   0x000000000000e255      0x144 StdPeriph_Driver/src/misc.o
 .debug_macro   0x000000000000e399       0xc3 StdPeriph_Driver/src/misc.o
 .debug_macro   0x000000000000e45c       0x40 StdPeriph_Driver/src/misc.o
 .debug_macro   0x000000000000e49c      0x3cf StdPeriph_Driver/src/misc.o
 .debug_macro   0x000000000000e86b      0x188 StdPeriph_Driver/src/misc.o
 .debug_macro   0x000000000000e9f3      0x149 StdPeriph_Driver/src/misc.o
 .debug_macro   0x000000000000eb3c       0x35 StdPeriph_Driver/src/misc.o
 .debug_macro   0x000000000000eb71       0x7c StdPeriph_Driver/src/misc.o
 .debug_macro   0x000000000000ebed      0x210 StdPeriph_Driver/src/stm32f4xx_dma.o
 .debug_macro   0x000000000000edfd      0x471 StdPeriph_Driver/src/stm32f4xx_dma.o
 .debug_macro   0x000000000000f26e      0x1be StdPeriph_Driver/src/stm32f4xx_exti.o
 .debug_macro   0x000000000000f42c       0xaf StdPeriph_Driver/src/stm32f4xx_exti.o
 .debug_macro   0x000000000000f4db      0x1bc StdPeriph_Driver/src/stm32f4xx_gpio.o
 .debug_macro   0x000000000000f697      0x2f5 StdPeriph_Driver/src/stm32f4xx_gpio.o
 .debug_macro   0x000000000000f98c      0x28b StdPeriph_Driver/src/stm32f4xx_rcc.o
 .debug_macro   0x000000000000fc17      0x20a StdPeriph_Driver/src/stm32f4xx_syscfg.o
 .debug_macro   0x000000000000fe21      0x10e StdPeriph_Driver/src/stm32f4xx_syscfg.o
 .debug_macro   0x000000000000ff2f      0x1e6 StdPeriph_Driver/src/stm32f4xx_tim.o
 .debug_macro   0x0000000000010115      0x735 StdPeriph_Driver/src/stm32f4xx_tim.o
 .debug_macro   0x000000000001084a      0x1d4 StdPeriph_Driver/src/stm32f4xx_usart.o
 .debug_macro   0x0000000000010a1e      0x21d StdPeriph_Driver/src/stm32f4xx_usart.o
 .debug_macro   0x0000000000010c3b      0x1c1 src/LED.o
 .debug_macro   0x0000000000010dfc      0x1db src/SRG_Input.o
 .debug_macro   0x0000000000010fd7       0x10 src/SRG_Input.o
 .debug_macro   0x0000000000010fe7       0x2e src/SRG_Input.o
 .debug_macro   0x0000000000011015      0x1c5 src/SRG_Timers.o
 .debug_macro   0x00000000000111da      0x32d src/SRG_USART.o
 .debug_macro   0x0000000000011507       0x58 src/SRG_USART.o
 .debug_macro   0x000000000001155f       0x35 src/SRG_USART.o
 .debug_macro   0x0000000000011594       0x9c src/SRG_USART.o
 .debug_macro   0x0000000000011630       0x16 src/SRG_USART.o
 .debug_macro   0x0000000000011646       0x97 src/SRG_USART.o
 .debug_macro   0x00000000000116dd      0x330 src/SRG_USART.o
 .debug_macro   0x0000000000011a0d       0xfd src/SRG_USART.o
 .debug_macro   0x0000000000011b0a       0x10 src/SRG_USART.o
 .debug_macro   0x0000000000011b1a       0x58 src/SRG_USART.o
 .debug_macro   0x0000000000011b72       0x1f src/SRG_USART.o
 .debug_macro   0x0000000000011b91       0x43 src/SRG_USART.o
 .debug_macro   0x0000000000011bd4       0x20 src/SRG_USART.o
 .debug_macro   0x0000000000011bf4      0x187 src/SRG_USART.o
 .debug_macro   0x0000000000011d7b       0x10 src/SRG_USART.o
 .debug_macro   0x0000000000011d8b       0x1c src/SRG_USART.o
 .debug_macro   0x0000000000011da7       0x52 src/SRG_USART.o
 .debug_macro   0x0000000000011df9       0x40 src/SRG_USART.o
 .debug_macro   0x0000000000011e39       0x10 src/SRG_USART.o
 .debug_macro   0x0000000000011e49       0x40 src/SRG_USART.o
 .debug_macro   0x0000000000011e89       0xd7 src/SRG_USART.o
 .debug_macro   0x0000000000011f60       0x16 src/SRG_USART.o
 .debug_macro   0x0000000000011f76      0x18b src/SRG_USART.o
 .debug_macro   0x0000000000012101       0x4c src/SRG_USART.o
 .debug_macro   0x000000000001214d      0x1c9 src/delay.o
 .debug_macro   0x0000000000012316      0x1e1 src/main.o
 .debug_macro   0x00000000000124f7      0x236 src/syscalls.o
 .debug_macro   0x000000000001272d       0x52 src/syscalls.o
 .debug_macro   0x000000000001277f       0x8d src/syscalls.o
 .debug_macro   0x000000000001280c       0x57 src/syscalls.o
 .debug_macro   0x0000000000012863      0x174 src/syscalls.o
 .debug_macro   0x00000000000129d7       0x10 src/syscalls.o
 .debug_macro   0x00000000000129e7       0x35 src/syscalls.o
 .debug_macro   0x0000000000012a1c       0x10 src/syscalls.o
 .debug_macro   0x0000000000012a2c       0x10 src/syscalls.o
 .debug_macro   0x0000000000012a3c       0x35 src/syscalls.o
 .debug_macro   0x0000000000012a71      0x122 src/syscalls.o
 .debug_macro   0x0000000000012b93       0x16 src/syscalls.o
 .debug_macro   0x0000000000012ba9       0x16 src/syscalls.o
 .debug_macro   0x0000000000012bbf       0x29 src/syscalls.o
 .debug_macro   0x0000000000012be8       0x10 src/syscalls.o
 .debug_macro   0x0000000000012bf8      0x241 src/syscalls.o
 .debug_macro   0x0000000000012e39       0x1c src/syscalls.o
 .debug_macro   0x0000000000012e55       0x10 src/syscalls.o
 .debug_macro   0x0000000000012e65      0x159 src/syscalls.o
 .debug_macro   0x0000000000012fbe       0x16 src/syscalls.o
 .debug_macro   0x0000000000012fd4       0x88 src/syscalls.o
 .debug_macro   0x000000000001305c      0x1d2 src/system_stm32f4xx.o

.debug_line     0x0000000000000000     0x7f64
 .debug_line    0x0000000000000000      0x6ab StdPeriph_Driver/src/misc.o
 .debug_line    0x00000000000006ab      0x88e StdPeriph_Driver/src/stm32f4xx_dma.o
 .debug_line    0x0000000000000f39      0x6fb StdPeriph_Driver/src/stm32f4xx_exti.o
 .debug_line    0x0000000000001634      0x7d3 StdPeriph_Driver/src/stm32f4xx_gpio.o
 .debug_line    0x0000000000001e07      0xac7 StdPeriph_Driver/src/stm32f4xx_rcc.o
 .debug_line    0x00000000000028ce      0x6ce StdPeriph_Driver/src/stm32f4xx_syscfg.o
 .debug_line    0x0000000000002f9c      0xf25 StdPeriph_Driver/src/stm32f4xx_tim.o
 .debug_line    0x0000000000003ec1      0x919 StdPeriph_Driver/src/stm32f4xx_usart.o
 .debug_line    0x00000000000047da      0x718 src/LED.o
 .debug_line    0x0000000000004ef2      0x6a7 src/SRG_Input.o
 .debug_line    0x0000000000005599      0x6d0 src/SRG_Timers.o
 .debug_line    0x0000000000005c69      0x80e src/SRG_USART.o
 .debug_line    0x0000000000006477      0x6f0 src/delay.o
 .debug_line    0x0000000000006b67      0x6b9 src/main.o
 .debug_line    0x0000000000007220      0x600 src/syscalls.o
 .debug_line    0x0000000000007820      0x6c8 src/system_stm32f4xx.o
 .debug_line    0x0000000000007ee8       0x7c startup/startup_stm32.o

.debug_str      0x0000000000000000    0x66c80
 .debug_str     0x0000000000000000    0x5e2eb StdPeriph_Driver/src/misc.o
                                      0x5e48d (size before relaxing)
 .debug_str     0x000000000005e2eb      0x6a8 StdPeriph_Driver/src/stm32f4xx_dma.o
                                      0x5e8f3 (size before relaxing)
 .debug_str     0x000000000005e993      0x1c4 StdPeriph_Driver/src/stm32f4xx_exti.o
                                      0x5e403 (size before relaxing)
 .debug_str     0x000000000005eb57      0x2b0 StdPeriph_Driver/src/stm32f4xx_gpio.o
                                      0x5e535 (size before relaxing)
 .debug_str     0x000000000005ee07      0xd65 StdPeriph_Driver/src/stm32f4xx_rcc.o
                                      0x5f042 (size before relaxing)
 .debug_str     0x000000000005fb6c      0x40c StdPeriph_Driver/src/stm32f4xx_syscfg.o
                                      0x5e653 (size before relaxing)
 .debug_str     0x000000000005ff78      0xc2f StdPeriph_Driver/src/stm32f4xx_tim.o
                                      0x5ef2c (size before relaxing)
 .debug_str     0x0000000000060ba7      0x53a StdPeriph_Driver/src/stm32f4xx_usart.o
                                      0x5e848 (size before relaxing)
 .debug_str     0x00000000000610e1       0x8c src/LED.o
                                      0x5e433 (size before relaxing)
 .debug_str     0x000000000006116d      0x64b src/SRG_Input.o
                                      0x5ecde (size before relaxing)
 .debug_str     0x00000000000617b8       0x99 src/SRG_Timers.o
                                      0x5e6a4 (size before relaxing)
 .debug_str     0x0000000000061851     0x40e2 src/SRG_USART.o
                                      0x62e68 (size before relaxing)
 .debug_str     0x0000000000065933       0xc4 src/delay.o
                                      0x5ea39 (size before relaxing)
 .debug_str     0x00000000000659f7       0x24 src/main.o
                                      0x5e4c8 (size before relaxing)
 .debug_str     0x0000000000065a1b     0x119e src/syscalls.o
                                       0x7d82 (size before relaxing)
 .debug_str     0x0000000000066bb9       0xc7 src/system_stm32f4xx.o
                                      0x5e488 (size before relaxing)

.comment        0x0000000000000000       0x7f
 .comment       0x0000000000000000       0x7f StdPeriph_Driver/src/misc.o
                                         0x80 (size before relaxing)
 .comment       0x000000000000007f       0x80 StdPeriph_Driver/src/stm32f4xx_dma.o
 .comment       0x000000000000007f       0x80 StdPeriph_Driver/src/stm32f4xx_exti.o
 .comment       0x000000000000007f       0x80 StdPeriph_Driver/src/stm32f4xx_gpio.o
 .comment       0x000000000000007f       0x80 StdPeriph_Driver/src/stm32f4xx_rcc.o
 .comment       0x000000000000007f       0x80 StdPeriph_Driver/src/stm32f4xx_syscfg.o
 .comment       0x000000000000007f       0x80 StdPeriph_Driver/src/stm32f4xx_tim.o
 .comment       0x000000000000007f       0x80 StdPeriph_Driver/src/stm32f4xx_usart.o
 .comment       0x000000000000007f       0x80 src/LED.o
 .comment       0x000000000000007f       0x80 src/SRG_Input.o
 .comment       0x000000000000007f       0x80 src/SRG_Timers.o
 .comment       0x000000000000007f       0x80 src/SRG_USART.o
 .comment       0x000000000000007f       0x80 src/delay.o
 .comment       0x000000000000007f       0x80 src/main.o
 .comment       0x000000000000007f       0x80 src/syscalls.o
 .comment       0x000000000000007f       0x80 src/system_stm32f4xx.o

.debug_frame    0x0000000000000000     0x37d0
 .debug_frame   0x0000000000000000       0xd8 StdPeriph_Driver/src/misc.o
 .debug_frame   0x00000000000000d8      0x308 StdPeriph_Driver/src/stm32f4xx_dma.o
 .debug_frame   0x00000000000003e0      0x148 StdPeriph_Driver/src/stm32f4xx_exti.o
 .debug_frame   0x0000000000000528      0x23c StdPeriph_Driver/src/stm32f4xx_gpio.o
 .debug_frame   0x0000000000000764      0x83c StdPeriph_Driver/src/stm32f4xx_rcc.o
 .debug_frame   0x0000000000000fa0      0x11c StdPeriph_Driver/src/stm32f4xx_syscfg.o
 .debug_frame   0x00000000000010bc      0xe54 StdPeriph_Driver/src/stm32f4xx_tim.o
 .debug_frame   0x0000000000001f10      0x490 StdPeriph_Driver/src/stm32f4xx_usart.o
 .debug_frame   0x00000000000023a0      0x184 src/LED.o
 .debug_frame   0x0000000000002524       0x7c src/SRG_Input.o
 .debug_frame   0x00000000000025a0       0xbc src/SRG_Timers.o
 .debug_frame   0x000000000000265c       0xd4 src/SRG_USART.o
 .debug_frame   0x0000000000002730      0x118 src/delay.o
 .debug_frame   0x0000000000002848       0x50 src/main.o
 .debug_frame   0x0000000000002898      0x2d4 src/syscalls.o
 .debug_frame   0x0000000000002b6c       0x7c src/system_stm32f4xx.o
 .debug_frame   0x0000000000002be8       0x20 /home/haris/Ac6/SystemWorkbench/plugins/fr.ac6.mcu.externaltools.arm-none.linux64_1.15.0.201708311556/tools/compiler/bin/../lib/gcc/arm-none-eabi/6.3.1/../../../../arm-none-eabi/lib/thumb/v7e-m/fpv4-sp/hard/libc.a(lib_a-errno.o)
 .debug_frame   0x0000000000002c08       0x2c /home/haris/Ac6/SystemWorkbench/plugins/fr.ac6.mcu.externaltools.arm-none.linux64_1.15.0.201708311556/tools/compiler/bin/../lib/gcc/arm-none-eabi/6.3.1/../../../../arm-none-eabi/lib/thumb/v7e-m/fpv4-sp/hard/libc.a(lib_a-init.o)
 .debug_frame   0x0000000000002c34       0x34 /home/haris/Ac6/SystemWorkbench/plugins/fr.ac6.mcu.externaltools.arm-none.linux64_1.15.0.201708311556/tools/compiler/bin/../lib/gcc/arm-none-eabi/6.3.1/../../../../arm-none-eabi/lib/thumb/v7e-m/fpv4-sp/hard/libc.a(lib_a-memset.o)
 .debug_frame   0x0000000000002c68       0x60 /home/haris/Ac6/SystemWorkbench/plugins/fr.ac6.mcu.externaltools.arm-none.linux64_1.15.0.201708311556/tools/compiler/bin/../lib/gcc/arm-none-eabi/6.3.1/../../../../arm-none-eabi/lib/thumb/v7e-m/fpv4-sp/hard/libc.a(lib_a-vsnprintf.o)
 .debug_frame   0x0000000000002cc8       0x5c /home/haris/Ac6/SystemWorkbench/plugins/fr.ac6.mcu.externaltools.arm-none.linux64_1.15.0.201708311556/tools/compiler/bin/../lib/gcc/arm-none-eabi/6.3.1/../../../../arm-none-eabi/lib/thumb/v7e-m/fpv4-sp/hard/libc.a(lib_a-__call_atexit.o)